Archive member included to satisfy reference by file (symbol)

D:\Nam_4\HK2\HTNhung_IOT\SDK-NUCLEO\SDK_1.0.3_NUCLEO-F401RE\lib_stm\libLibraries.a(system_stm32f4xx.o)
                              ./Src/main.o (SystemCoreClockUpdate)
D:\Nam_4\HK2\HTNhung_IOT\SDK-NUCLEO\SDK_1.0.3_NUCLEO-F401RE\lib_stm\libLibraries.a(stm32f401re_gpio.o)
                              ./Src/main.o (GPIO_Init)
D:\Nam_4\HK2\HTNhung_IOT\SDK-NUCLEO\SDK_1.0.3_NUCLEO-F401RE\lib_stm\libLibraries.a(stm32f401re_i2c.o)
                              ./Src/main.o (I2C_Init)
D:\Nam_4\HK2\HTNhung_IOT\SDK-NUCLEO\SDK_1.0.3_NUCLEO-F401RE\lib_stm\libLibraries.a(stm32f401re_rcc.o)
                              D:\Nam_4\HK2\HTNhung_IOT\SDK-NUCLEO\SDK_1.0.3_NUCLEO-F401RE\lib_stm\libLibraries.a(stm32f401re_i2c.o) (RCC_GetClocksFreq)
D:\Nam_4\HK2\HTNhung_IOT\SDK-NUCLEO\SDK_1.0.3_NUCLEO-F401RE\lib_stm\libLibraries.a(timer.o)
                              ./Src/main.o (TimerInit)
D:\Nam_4\HK2\HTNhung_IOT\SDK-NUCLEO\SDK_1.0.3_NUCLEO-F401RE\lib_stm\libLibraries.a(temhumsensor.o)
                              ./Src/main.o (TemHumSensor_Init)
D:\Nam_4\HK2\HTNhung_IOT\SDK-NUCLEO\SDK_1.0.3_NUCLEO-F401RE\lib_stm\libLibraries.a(serial.o)
                              D:\Nam_4\HK2\HTNhung_IOT\SDK-NUCLEO\SDK_1.0.3_NUCLEO-F401RE\lib_stm\libLibraries.a(temhumsensor.o) (Serial_SendPacket)
D:\Nam_4\HK2\HTNhung_IOT\SDK-NUCLEO\SDK_1.0.3_NUCLEO-F401RE\lib_stm\libLibraries.a(Ucglib.o)
                              ./Src/main.o (Ucglib4WireSWSPI_begin)
D:\Nam_4\HK2\HTNhung_IOT\SDK-NUCLEO\SDK_1.0.3_NUCLEO-F401RE\lib_stm\libLibraries.a(ucg_box.o)
                              ./Src/main.o (ucg_ClearScreen)
D:\Nam_4\HK2\HTNhung_IOT\SDK-NUCLEO\SDK_1.0.3_NUCLEO-F401RE\lib_stm\libLibraries.a(ucg_ccs.o)
                              D:\Nam_4\HK2\HTNhung_IOT\SDK-NUCLEO\SDK_1.0.3_NUCLEO-F401RE\lib_stm\libLibraries.a(ucg_box.o) (ucg_ccs_init)
D:\Nam_4\HK2\HTNhung_IOT\SDK-NUCLEO\SDK_1.0.3_NUCLEO-F401RE\lib_stm\libLibraries.a(ucg_circle.o)
                              D:\Nam_4\HK2\HTNhung_IOT\SDK-NUCLEO\SDK_1.0.3_NUCLEO-F401RE\lib_stm\libLibraries.a(ucg_box.o) (ucg_DrawCircle)
D:\Nam_4\HK2\HTNhung_IOT\SDK-NUCLEO\SDK_1.0.3_NUCLEO-F401RE\lib_stm\libLibraries.a(ucg_dev_default_cb.o)
                              D:\Nam_4\HK2\HTNhung_IOT\SDK-NUCLEO\SDK_1.0.3_NUCLEO-F401RE\lib_stm\libLibraries.a(Ucglib.o) (ucg_dev_default_cb)
D:\Nam_4\HK2\HTNhung_IOT\SDK-NUCLEO\SDK_1.0.3_NUCLEO-F401RE\lib_stm\libLibraries.a(ucg_dev_ic_st7735.o)
                              D:\Nam_4\HK2\HTNhung_IOT\SDK-NUCLEO\SDK_1.0.3_NUCLEO-F401RE\lib_stm\libLibraries.a(Ucglib.o) (ucg_ext_st7735_18)
D:\Nam_4\HK2\HTNhung_IOT\SDK-NUCLEO\SDK_1.0.3_NUCLEO-F401RE\lib_stm\libLibraries.a(ucg_dev_msg_api.o)
                              D:\Nam_4\HK2\HTNhung_IOT\SDK-NUCLEO\SDK_1.0.3_NUCLEO-F401RE\lib_stm\libLibraries.a(ucg_box.o) (ucg_SetMaxClipRange)
D:\Nam_4\HK2\HTNhung_IOT\SDK-NUCLEO\SDK_1.0.3_NUCLEO-F401RE\lib_stm\libLibraries.a(ucg_dev_tft_128x128_st7735.o)
                              D:\Nam_4\HK2\HTNhung_IOT\SDK-NUCLEO\SDK_1.0.3_NUCLEO-F401RE\lib_stm\libLibraries.a(Ucglib.o) (ucg_dev_st7735_18x128x128)
D:\Nam_4\HK2\HTNhung_IOT\SDK-NUCLEO\SDK_1.0.3_NUCLEO-F401RE\lib_stm\libLibraries.a(ucg_font.o)
                              D:\Nam_4\HK2\HTNhung_IOT\SDK-NUCLEO\SDK_1.0.3_NUCLEO-F401RE\lib_stm\libLibraries.a(Ucglib.o) (ucg_SetFontMode)
D:\Nam_4\HK2\HTNhung_IOT\SDK-NUCLEO\SDK_1.0.3_NUCLEO-F401RE\lib_stm\libLibraries.a(ucg_init.o)
                              D:\Nam_4\HK2\HTNhung_IOT\SDK-NUCLEO\SDK_1.0.3_NUCLEO-F401RE\lib_stm\libLibraries.a(Ucglib.o) (ucg_Init)
D:\Nam_4\HK2\HTNhung_IOT\SDK-NUCLEO\SDK_1.0.3_NUCLEO-F401RE\lib_stm\libLibraries.a(ucg_line.o)
                              D:\Nam_4\HK2\HTNhung_IOT\SDK-NUCLEO\SDK_1.0.3_NUCLEO-F401RE\lib_stm\libLibraries.a(ucg_font.o) (ucg_Draw90Line)
D:\Nam_4\HK2\HTNhung_IOT\SDK-NUCLEO\SDK_1.0.3_NUCLEO-F401RE\lib_stm\libLibraries.a(ucg_pixel.o)
                              ./Src/main.o (ucg_SetColor)
D:\Nam_4\HK2\HTNhung_IOT\SDK-NUCLEO\SDK_1.0.3_NUCLEO-F401RE\lib_stm\libLibraries.a(ucg_pixel_font_data.o)
                              ./Src/main.o (ucg_font_ncenR12_hr)
D:\Nam_4\HK2\HTNhung_IOT\SDK-NUCLEO\SDK_1.0.3_NUCLEO-F401RE\lib_stm\libLibraries.a(ucg_rotate.o)
                              ./Src/main.o (ucg_SetRotate180)
D:\Nam_4\HK2\HTNhung_IOT\SDK-NUCLEO\SDK_1.0.3_NUCLEO-F401RE\lib_stm\libLibraries.a(buff.o)
                              D:\Nam_4\HK2\HTNhung_IOT\SDK-NUCLEO\SDK_1.0.3_NUCLEO-F401RE\lib_stm\libLibraries.a(serial.o) (bufInit)
D:\Nam_4\HK2\HTNhung_IOT\SDK-NUCLEO\SDK_1.0.3_NUCLEO-F401RE\lib_stm\libLibraries.a(utilities.o)
                              D:\Nam_4\HK2\HTNhung_IOT\SDK-NUCLEO\SDK_1.0.3_NUCLEO-F401RE\lib_stm\libLibraries.a(timer.o) (memsetl)
D:\Nam_4\HK2\HTNhung_IOT\SDK-NUCLEO\SDK_1.0.3_NUCLEO-F401RE\lib_stm\libLibraries.a(misc.o)
[...]
Memory Configuration

Name             Origin             Length             Attributes
RAM              0x0000000020000000 0x0000000000018000 xrw
FLASH            0x0000000008000000 0x0000000000080000 xr
*default*        0x0000000000000000 0xffffffffffffffff

Linker script and memory map

LOAD d:/software/stm32cubeide/data/stm32cubeide_1.11.0/stm32cubeide/plugins/com.st.stm32cube.ide.mcu.externaltools.gnu-tools-for-stm32.10.3-2021.10.win32_1.0.100.202210260954/tools/bin/../lib/gcc/arm-none-eabi/10.3.1/thumb/v7e-m+fp/hard/crti.o
LOAD d:/software/stm32cubeide/data/stm32cubeide_1.11.0/stm32cubeide/plugins/com.st.stm32cube.ide.mcu.externaltools.gnu-tools-for-stm32.10.3-2021.10.win32_1.0.100.202210260954/tools/bin/../lib/gcc/arm-none-eabi/10.3.1/thumb/v7e-m+fp/hard/crtbegin.o
LOAD d:/software/stm32cubeide/data/stm32cubeide_1.11.0/stm32cubeide/plugins/com.st.stm32cube.ide.mcu.externaltools.gnu-tools-for-stm32.10.3-2021.10.win32_1.0.100.202210260954/tools/bin/../lib/gcc/arm-none-eabi/10.3.1/../../../../arm-none-eabi/lib/thumb/v7e-m+fp/hard/crt0.o
LOAD ./Src/main.o
LOAD ./Src/syscalls.o
LOAD ./Src/sysmem.o
LOAD ./Startup/startup_stm32f401retx.o
LOAD D:\Nam_4\HK2\HTNhung_IOT\SDK-NUCLEO\SDK_1.0.3_NUCLEO-F401RE\lib_stm\libLibraries.a
START GROUP
LOAD d:/software/stm32cubeide/data/stm32cubeide_1.11.0/stm32cubeide/plugins/com.st.stm32cube.ide.mcu.externaltools.gnu-tools-for-stm32.10.3-2021.10.win32_1.0.100.202210260954/tools/bin/../lib/gcc/arm-none-eabi/10.3.1/../../../../arm-none-eabi/lib/thumb/v7e-m+fp/hard\libc_nano.a
LOAD d:/software/stm32cubeide/data/stm32cubeide_1.11.0/stm32cubeide/plugins/com.st.stm32cube.ide.mcu.externaltools.gnu-tools-for-stm32.10.3-2021.10.win32_1.0.100.202210260954/tools/bin/../lib/gcc/arm-none-eabi/10.3.1/../../../../arm-none-eabi/lib/thumb/v7e-m+fp/hard\libm.a
END GROUP
START GROUP
LOAD d:/software/stm32cubeide/data/stm32cubeide_1.11.0/stm32cubeide/plugins/com.st.stm32cube.ide.mcu.externaltools.gnu-tools-for-stm32.10.3-2021.10.win32_1.0.100.202210260954/tools/bin/../lib/gcc/arm-none-eabi/10.3.1/thumb/v7e-m+fp/hard\libgcc.a
LOAD d:/software/stm32cubeide/data/stm32cubeide_1.11.0/stm32cubeide/plugins/com.st.stm32cube.ide.mcu.externaltools.gnu-tools-for-stm32.10.3-2021.10.win32_1.0.100.202210260954/tools/bin/../lib/gcc/arm-none-eabi/10.3.1/../../../../arm-none-eabi/lib/thumb/v7e-m+fp/hard\libc_nano.a
END GROUP
START GROUP
LOAD d:/software/stm32cubeide/data/stm32cubeide_1.11.0/stm32cubeide/plugins/com.st.stm32cube.ide.mcu.externaltools.gnu-tools-for-stm32.10.3-2021.10.win32_1.0.100.202210260954/tools/bin/../lib/gcc/arm-none-eabi/10.3.1/thumb/v7e-m+fp/hard\libgcc.a
LOAD d:/software/stm32cubeide/data/stm32cubeide_1.11.0/stm32cubeide/plugins/com.st.stm32cube.ide.mcu.externaltools.gnu-tools-for-stm32.10.3-2021.10.win32_1.0.100.202210260954/tools/bin/../lib/gcc/arm-none-eabi/10.3.1/../../../../arm-none-eabi/lib/thumb/v7e-m+fp/hard\libc_nano.a
LOAD d:/software/stm32cubeide/data/stm32cubeide_1.11.0/stm32cubeide/plugins/com.st.stm32cube.ide.mcu.externaltools.gnu-tools-for-stm32.10.3-2021.10.win32_1.0.100.202210260954/tools/bin/../lib/gcc/arm-none-eabi/10.3.1/../../../../arm-none-eabi/lib/thumb/v7e-m+fp/hard\libnosys.a
END GROUP
START GROUP
LOAD d:/software/stm32cubeide/data/stm32cubeide_1.11.0/stm32cubeide/plugins/com.st.stm32cube.ide.mcu.externaltools.gnu-tools-for-stm32.10.3-2021.10.win32_1.0.100.202210260954/tools/bin/../lib/gcc/arm-none-eabi/10.3.1/thumb/v7e-m+fp/hard\libgcc.a
LOAD d:/software/stm32cubeide/data/stm32cubeide_1.11.0/stm32cubeide/plugins/com.st.stm32cube.ide.mcu.externaltools.gnu-tools-for-stm32.10.3-2021.10.win32_1.0.100.202210260954/tools/bin/../lib/gcc/arm-none-eabi/10.3.1/../../../../arm-none-eabi/lib/thumb/v7e-m+fp/hard\libc_nano.a
LOAD d:/software/stm32cubeide/data/stm32cubeide_1.11.0/stm32cubeide/plugins/com.st.stm32cube.ide.mcu.externaltools.gnu-tools-for-stm32.10.3-2021.10.win32_1.0.100.202210260954/tools/bin/../lib/gcc/arm-none-eabi/10.3.1/../../../../arm-none-eabi/lib/thumb/v7e-m+fp/hard\libnosys.a
END GROUP
LOAD d:/software/stm32cubeide/data/stm32cubeide_1.11.0/stm32cubeide/plugins/com.st.stm32cube.ide.mcu.externaltools.gnu-tools-for-stm32.10.3-2021.10.win32_1.0.100.202210260954/tools/bin/../lib/gcc/arm-none-eabi/10.3.1/thumb/v7e-m+fp/hard/crtend.o
LOAD d:/software/stm32cubeide/data/stm32cubeide_1.11.0/stm32cubeide/plugins/com.st.stm32cube.ide.mcu.externaltools.gnu-tools-for-stm32.10.3-2021.10.win32_1.0.100.202210260954/tools/bin/../lib/gcc/arm-none-eabi/10.3.1/thumb/v7e-m+fp/hard/crtn.o
                0x0000000020018000                _estack = (ORIGIN (RAM) + LENGTH (RAM))
                0x0000000000000200                _Min_Heap_Size = 0x200
                0x0000000000000400                _Min_Stack_Size = 0x400

.isr_vector     0x0000000008000000      0x194
                0x0000000008000000                . = ALIGN (0x4)
 *(.isr_vector)
 .isr_vector    0x0000000008000000      0x194 ./Startup/startup_stm32f401retx.o
                0x0000000008000000                g_pfnVectors
                0x0000000008000194                . = ALIGN (0x4)

.text           0x00000000080001a0     0x4774
                0x00000000080001a0                . = ALIGN (0x4)
 *(.text)
 .text          0x00000000080001a0       0x40 d:/software/stm32cubeide/data/stm32cubeide_1.11.0/stm32cubeide/plugins/com.st.stm32cube.ide.mcu.externaltools.gnu-tools-for-stm32.10.3-2021.10.win32_1.0.100.202210260954/tools/bin/../lib/gcc/arm-none-eabi/10.3.1/thumb/v7e-m+fp/hard/crtbegin.o
 .text          0x00000000080001e0       0xa0 d:/software/stm32cubeide/data/stm32cubeide_1.11.0/stm32cubeide/plugins/com.st.stm32cube.ide.mcu.externaltools.gnu-tools-for-stm32.10.3-2021.10.win32_1.0.100.202210260954/tools/bin/../lib/gcc/arm-none-eabi/10.3.1/../../../../arm-none-eabi/lib/thumb/v7e-m+fp/hard\libc_nano.a(lib_a-memchr.o)
                0x00000000080001e0                memchr
 *(.text*)
 .text.main     0x0000000008000280       0x12 ./Src/main.o
                0x0000000008000280                main
 .text.delay_ms
                0x0000000008000292       0x30 ./Src/main.o
                0x0000000008000292                delay_ms
 .text.CalculatorTime
                0x00000000080002c2       0x34 ./Src/main.o
                0x00000000080002c2                CalculatorTime
 *fill*         0x00000000080002f6        0x2 
 .text.AppCommon
                0x00000000080002f8       0x7c ./Src/main.o
 .text.SPI1_Init
                0x0000000008000374       0x60 ./Src/main.o
 .text.I2C_Init_temphumi
                0x00000000080003d4       0x94 ./Src/main.o
 .text.I2C_start
                0x0000000008000468       0x3c ./Src/main.o
                0x0000000008000468                I2C_start
 .text.I2C_address_direction
                0x00000000080004a4       0x60 ./Src/main.o
                0x00000000080004a4                I2C_address_direction
 .text.I2C_transmit
                0x0000000008000504       0x38 ./Src/main.o
                0x0000000008000504                I2C_transmit
 .text.I2C_stop
                0x000000000800053c       0x14 ./Src/main.o
                0x000000000800053c                I2C_stop
 .text.I2C_receive_nack
                0x0000000008000550       0x30 ./Src/main.o
                0x0000000008000550                I2C_receive_nack
 .text.I2C_receive_ack
                0x0000000008000580       0x30 ./Src/main.o
                0x0000000008000580                I2C_receive_ack
 .text.TemHumSensor_readRegister
                0x00000000080005b0       0xba ./Src/main.o
 *fill*         0x000000000800066a        0x2 
 .text.GetTemp_Sensor
                0x000000000800066c       0x64 ./Src/main.o
                0x000000000800066c                GetTemp_Sensor
 .text.GetHumi_Sensor
                0x00000000080006d0       0x64 ./Src/main.o
                0x00000000080006d0                GetHumi_Sensor
 .text.processGetValueSensor
                0x0000000008000734      0x1a4 ./Src/main.o
                0x0000000008000734                processGetValueSensor
 .text.Scan_SensorLCD
                0x00000000080008d8       0x8c ./Src/main.o
                0x00000000080008d8                Scan_SensorLCD
 .text.Scan_TimeSensor
                0x0000000008000964       0x48 ./Src/main.o
                0x0000000008000964                Scan_TimeSensor
 .text._sbrk    0x00000000080009ac       0x6c ./Src/sysmem.o
                0x00000000080009ac                _sbrk
 .text.Reset_Handler
                0x0000000008000a18       0x50 ./Startup/startup_stm32f401retx.o
                0x0000000008000a18                Reset_Handler
 .text.Default_Handler
                0x0000000008000a68        0x2 ./Startup/startup_stm32f401retx.o
                0x0000000008000a68                EXTI2_IRQHandler
                0x0000000008000a68                DebugMon_Handler
                0x0000000008000a68                SPI4_IRQHandler
                0x0000000008000a68                TIM1_CC_IRQHandler
                0x0000000008000a68                DMA2_Stream5_IRQHandler
                0x0000000008000a68                HardFault_Handler
                0x0000000008000a68                DMA1_Stream5_IRQHandler
                0x0000000008000a68                SDIO_IRQHandler
                0x0000000008000a68                TAMP_STAMP_IRQHandler
                0x0000000008000a68                PendSV_Handler
                0x0000000008000a68                NMI_Handler
                0x0000000008000a68                EXTI3_IRQHandler
                0x0000000008000a68                TIM1_UP_TIM10_IRQHandler
                0x0000000008000a68                I2C3_ER_IRQHandler
                0x0000000008000a68                EXTI18_OTG_FS_WKUP_IRQHandler
                0x0000000008000a68                EXTI0_IRQHandler
                0x0000000008000a68                I2C2_EV_IRQHandler
                0x0000000008000a68                DMA1_Stream2_IRQHandler
                0x0000000008000a68                UsageFault_Handler
                0x0000000008000a68                DMA2_Stream2_IRQHandler
                0x0000000008000a68                SPI1_IRQHandler
                0x0000000008000a68                TIM1_BRK_TIM9_IRQHandler
                0x0000000008000a68                DMA2_Stream3_IRQHandler
                0x0000000008000a68                USART6_IRQHandler
                0x0000000008000a68                DMA2_Stream0_IRQHandler
                0x0000000008000a68                TIM4_IRQHandler
                0x0000000008000a68                I2C1_EV_IRQHandler
                0x0000000008000a68                DMA1_Stream6_IRQHandler
                0x0000000008000a68                DMA1_Stream1_IRQHandler
                0x0000000008000a68                TIM3_IRQHandler
                0x0000000008000a68                RCC_IRQHandler
                0x0000000008000a68                Default_Handler
                0x0000000008000a68                EXTI15_10_IRQHandler
                0x0000000008000a68                ADC_IRQHandler
                0x0000000008000a68                DMA1_Stream7_IRQHandler
                0x0000000008000a68                TIM5_IRQHandler
                0x0000000008000a68                DMA2_Stream7_IRQHandler
                0x0000000008000a68                I2C3_EV_IRQHandler
                0x0000000008000a68                EXTI9_5_IRQHandler
                0x0000000008000a68                SPI2_IRQHandler
                0x0000000008000a68                MemManage_Handler
                0x0000000008000a68                DMA1_Stream0_IRQHandler
                0x0000000008000a68                SVC_Handler
                0x0000000008000a68                EXTI4_IRQHandler
                0x0000000008000a68                EXTI22_RTC_WKUP_IRQHandler
                0x0000000008000a68                TIM2_IRQHandler
                0x0000000008000a68                EXTI16_PVD_IRQHandler
                0x0000000008000a68                TIM1_TRG_COM_TIM11_IRQHandler
                0x0000000008000a68                EXTI1_IRQHandler
                0x0000000008000a68                EXTI17_RTC_Alarm_IRQHandler
                0x0000000008000a68                I2C2_ER_IRQHandler
                0x0000000008000a68                DMA2_Stream1_IRQHandler
                0x0000000008000a68                FLASH_IRQHandler
                0x0000000008000a68                DMA2_Stream4_IRQHandler
                0x0000000008000a68                BusFault_Handler
                0x0000000008000a68                USART1_IRQHandler
                0x0000000008000a68                OTG_FS_IRQHandler
                0x0000000008000a68                SPI3_IRQHandler
                0x0000000008000a68                DMA1_Stream4_IRQHandler
                0x0000000008000a68                I2C1_ER_IRQHandler
                0x0000000008000a68                DMA2_Stream6_IRQHandler
                0x0000000008000a68                DMA1_Stream3_IRQHandler
 *fill*         0x0000000008000a6a        0x2 
 .text.SystemInit
                0x0000000008000a6c       0x6c D:\Nam_4\HK2\HTNhung_IOT\SDK-NUCLEO\SDK_1.0.3_NUCLEO-F401RE\lib_stm\libLibraries.a(system_stm32f4xx.o)
                0x0000000008000a6c                SystemInit
 .text.SystemCoreClockUpdate
                0x0000000008000ad8       0xf8 D:\Nam_4\HK2\HTNhung_IOT\SDK-NUCLEO\SDK_1.0.3_NUCLEO-F401RE\lib_stm\libLibraries.a(system_stm32f4xx.o)
                0x0000000008000ad8                SystemCoreClockUpdate
 .text.SetSysClock
                0x0000000008000bd0       0xa0 D:\Nam_4\HK2\HTNhung_IOT\SDK-NUCLEO\SDK_1.0.3_NUCLEO-F401RE\lib_stm\libLibraries.a(system_stm32f4xx.o)
 .text.GPIO_Init
                0x0000000008000c70      0x11c D:\Nam_4\HK2\HTNhung_IOT\SDK-NUCLEO\SDK_1.0.3_NUCLEO-F401RE\lib_stm\libLibraries.a(stm32f401re_gpio.o)
                0x0000000008000c70                GPIO_Init
 .text.GPIO_WriteBit
                0x0000000008000d8c       0x30 D:\Nam_4\HK2\HTNhung_IOT\SDK-NUCLEO\SDK_1.0.3_NUCLEO-F401RE\lib_stm\libLibraries.a(stm32f401re_gpio.o)
                0x0000000008000d8c                GPIO_WriteBit
 .text.GPIO_PinAFConfig
                0x0000000008000dbc       0x92 D:\Nam_4\HK2\HTNhung_IOT\SDK-NUCLEO\SDK_1.0.3_NUCLEO-F401RE\lib_stm\libLibraries.a(stm32f401re_gpio.o)
                0x0000000008000dbc                GPIO_PinAFConfig
 *fill*         0x0000000008000e4e        0x2 
 .text.I2C_Init
                0x0000000008000e50      0x184 D:\Nam_4\HK2\HTNhung_IOT\SDK-NUCLEO\SDK_1.0.3_NUCLEO-F401RE\lib_stm\libLibraries.a(stm32f401re_i2c.o)
                0x0000000008000e50                I2C_Init
 .text.I2C_Cmd  0x0000000008000fd4       0x40 D:\Nam_4\HK2\HTNhung_IOT\SDK-NUCLEO\SDK_1.0.3_NUCLEO-F401RE\lib_stm\libLibraries.a(stm32f401re_i2c.o)
                0x0000000008000fd4                I2C_Cmd
 .text.I2C_GenerateSTART
                0x0000000008001014       0x40 D:\Nam_4\HK2\HTNhung_IOT\SDK-NUCLEO\SDK_1.0.3_NUCLEO-F401RE\lib_stm\libLibraries.a(stm32f401re_i2c.o)
                0x0000000008001014                I2C_GenerateSTART
 .text.I2C_GenerateSTOP
                0x0000000008001054       0x40 D:\Nam_4\HK2\HTNhung_IOT\SDK-NUCLEO\SDK_1.0.3_NUCLEO-F401RE\lib_stm\libLibraries.a(stm32f401re_i2c.o)
                0x0000000008001054                I2C_GenerateSTOP
 .text.I2C_Send7bitAddress
                0x0000000008001094       0x3c D:\Nam_4\HK2\HTNhung_IOT\SDK-NUCLEO\SDK_1.0.3_NUCLEO-F401RE\lib_stm\libLibraries.a(stm32f401re_i2c.o)
                0x0000000008001094                I2C_Send7bitAddress
 .text.I2C_AcknowledgeConfig
                0x00000000080010d0       0x40 D:\Nam_4\HK2\HTNhung_IOT\SDK-NUCLEO\SDK_1.0.3_NUCLEO-F401RE\lib_stm\libLibraries.a(stm32f401re_i2c.o)
                0x00000000080010d0                I2C_AcknowledgeConfig
 .text.I2C_SendData
                0x0000000008001110       0x20 D:\Nam_4\HK2\HTNhung_IOT\SDK-NUCLEO\SDK_1.0.3_NUCLEO-F401RE\lib_stm\libLibraries.a(stm32f401re_i2c.o)
                0x0000000008001110                I2C_SendData
 .text.I2C_ReceiveData
                0x0000000008001130       0x1c D:\Nam_4\HK2\HTNhung_IOT\SDK-NUCLEO\SDK_1.0.3_NUCLEO-F401RE\lib_stm\libLibraries.a(stm32f401re_i2c.o)
                0x0000000008001130                I2C_ReceiveData
 .text.I2C_CheckEvent
                0x000000000800114c       0x60 D:\Nam_4\HK2\HTNhung_IOT\SDK-NUCLEO\SDK_1.0.3_NUCLEO-F401RE\lib_stm\libLibraries.a(stm32f401re_i2c.o)
                0x000000000800114c                I2C_CheckEvent
 .text.I2C_GetFlagStatus
                0x00000000080011ac       0x66 D:\Nam_4\HK2\HTNhung_IOT\SDK-NUCLEO\SDK_1.0.3_NUCLEO-F401RE\lib_stm\libLibraries.a(stm32f401re_i2c.o)
                0x00000000080011ac                I2C_GetFlagStatus
 *fill*         0x0000000008001212        0x2 
 .text.RCC_GetClocksFreq
                0x0000000008001214      0x150 D:\Nam_4\HK2\HTNhung_IOT\SDK-NUCLEO\SDK_1.0.3_NUCLEO-F401RE\lib_stm\libLibraries.a(stm32f401re_rcc.o)
                0x0000000008001214                RCC_GetClocksFreq
 .text.RCC_AHB1PeriphClockCmd
                0x0000000008001364       0x40 D:\Nam_4\HK2\HTNhung_IOT\SDK-NUCLEO\SDK_1.0.3_NUCLEO-F401RE\lib_stm\libLibraries.a(stm32f401re_rcc.o)
                0x0000000008001364                RCC_AHB1PeriphClockCmd
 .text.RCC_APB1PeriphClockCmd
                0x00000000080013a4       0x40 D:\Nam_4\HK2\HTNhung_IOT\SDK-NUCLEO\SDK_1.0.3_NUCLEO-F401RE\lib_stm\libLibraries.a(stm32f401re_rcc.o)
                0x00000000080013a4                RCC_APB1PeriphClockCmd
 .text.NVIC_SetPriority
                0x00000000080013e4       0x54 D:\Nam_4\HK2\HTNhung_IOT\SDK-NUCLEO\SDK_1.0.3_NUCLEO-F401RE\lib_stm\libLibraries.a(timer.o)
 .text.SysTick_Config
                0x0000000008001438       0x44 D:\Nam_4\HK2\HTNhung_IOT\SDK-NUCLEO\SDK_1.0.3_NUCLEO-F401RE\lib_stm\libLibraries.a(timer.o)
 .text.TimerInit
                0x000000000800147c       0x44 D:\Nam_4\HK2\HTNhung_IOT\SDK-NUCLEO\SDK_1.0.3_NUCLEO-F401RE\lib_stm\libLibraries.a(timer.o)
                0x000000000800147c                TimerInit
 .text.TimerStart
                0x00000000080014c0       0xc4 D:\Nam_4\HK2\HTNhung_IOT\SDK-NUCLEO\SDK_1.0.3_NUCLEO-F401RE\lib_stm\libLibraries.a(timer.o)
                0x00000000080014c0                TimerStart
 .text.TimerStop
                0x0000000008001584       0xa0 D:\Nam_4\HK2\HTNhung_IOT\SDK-NUCLEO\SDK_1.0.3_NUCLEO-F401RE\lib_stm\libLibraries.a(timer.o)
                0x0000000008001584                TimerStop
 .text.GetMilSecTick
                0x0000000008001624       0x18 D:\Nam_4\HK2\HTNhung_IOT\SDK-NUCLEO\SDK_1.0.3_NUCLEO-F401RE\lib_stm\libLibraries.a(timer.o)
                0x0000000008001624                GetMilSecTick
 .text.processTimerScheduler
                0x000000000800163c       0xf0 D:\Nam_4\HK2\HTNhung_IOT\SDK-NUCLEO\SDK_1.0.3_NUCLEO-F401RE\lib_stm\libLibraries.a(timer.o)
                0x000000000800163c                processTimerScheduler
 .text.TimeExpired
                0x000000000800172c       0xcc D:\Nam_4\HK2\HTNhung_IOT\SDK-NUCLEO\SDK_1.0.3_NUCLEO-F401RE\lib_stm\libLibraries.a(timer.o)
 .text.SysTick_Handler
                0x00000000080017f8       0x1c D:\Nam_4\HK2\HTNhung_IOT\SDK-NUCLEO\SDK_1.0.3_NUCLEO-F401RE\lib_stm\libLibraries.a(timer.o)
                0x00000000080017f8                SysTick_Handler
 .text.TemHumSensor_Init
                0x0000000008001814        0xc D:\Nam_4\HK2\HTNhung_IOT\SDK-NUCLEO\SDK_1.0.3_NUCLEO-F401RE\lib_stm\libLibraries.a(temhumsensor.o)
                0x0000000008001814                TemHumSensor_Init
 .text.i2c_config
                0x0000000008001820       0x94 D:\Nam_4\HK2\HTNhung_IOT\SDK-NUCLEO\SDK_1.0.3_NUCLEO-F401RE\lib_stm\libLibraries.a(temhumsensor.o)
                0x0000000008001820                i2c_config
 .text.USART2_IRQHandler
                0x00000000080018b4       0x50 D:\Nam_4\HK2\HTNhung_IOT\SDK-NUCLEO\SDK_1.0.3_NUCLEO-F401RE\lib_stm\libLibraries.a(serial.o)
                0x00000000080018b4                USART2_IRQHandler
 .text.delayMicroseconds
                0x0000000008001904       0x14 D:\Nam_4\HK2\HTNhung_IOT\SDK-NUCLEO\SDK_1.0.3_NUCLEO-F401RE\lib_stm\libLibraries.a(Ucglib.o)
 .text.ucg_gpio_init
                0x0000000008001918       0x60 D:\Nam_4\HK2\HTNhung_IOT\SDK-NUCLEO\SDK_1.0.3_NUCLEO-F401RE\lib_stm\libLibraries.a(Ucglib.o)
 .text.ucg_com_arduino_send_generic_SW_SPI
                0x0000000008001978       0x74 D:\Nam_4\HK2\HTNhung_IOT\SDK-NUCLEO\SDK_1.0.3_NUCLEO-F401RE\lib_stm\libLibraries.a(Ucglib.o)
 .text.ucg_com_arduino_generic_SW_SPI
                0x00000000080019ec      0x1ec D:\Nam_4\HK2\HTNhung_IOT\SDK-NUCLEO\SDK_1.0.3_NUCLEO-F401RE\lib_stm\libLibraries.a(Ucglib.o)
 .text.Ucglib4WireSWSPI_begin
                0x0000000008001bd8       0x38 D:\Nam_4\HK2\HTNhung_IOT\SDK-NUCLEO\SDK_1.0.3_NUCLEO-F401RE\lib_stm\libLibraries.a(Ucglib.o)
                0x0000000008001bd8                Ucglib4WireSWSPI_begin
 .text.ucg_DrawBox
                0x0000000008001c10       0x56 D:\Nam_4\HK2\HTNhung_IOT\SDK-NUCLEO\SDK_1.0.3_NUCLEO-F401RE\lib_stm\libLibraries.a(ucg_box.o)
                0x0000000008001c10                ucg_DrawBox
 .text.ucg_ClearScreen
                0x0000000008001c66       0x50 D:\Nam_4\HK2\HTNhung_IOT\SDK-NUCLEO\SDK_1.0.3_NUCLEO-F401RE\lib_stm\libLibraries.a(ucg_box.o)
                0x0000000008001c66                ucg_ClearScreen
 .text.ucg_ccs_init
                0x0000000008001cb6       0xc0 D:\Nam_4\HK2\HTNhung_IOT\SDK-NUCLEO\SDK_1.0.3_NUCLEO-F401RE\lib_stm\libLibraries.a(ucg_ccs.o)
                0x0000000008001cb6                ucg_ccs_init
 .text.ucg_ccs_step
                0x0000000008001d76       0x80 D:\Nam_4\HK2\HTNhung_IOT\SDK-NUCLEO\SDK_1.0.3_NUCLEO-F401RE\lib_stm\libLibraries.a(ucg_ccs.o)
                0x0000000008001d76                ucg_ccs_step
 .text.ucg_ccs_seek
                0x0000000008001df6       0xca D:\Nam_4\HK2\HTNhung_IOT\SDK-NUCLEO\SDK_1.0.3_NUCLEO-F401RE\lib_stm\libLibraries.a(ucg_ccs.o)
                0x0000000008001df6                ucg_ccs_seek
 .text.ucg_dev_default_cb
                0x0000000008001ec0       0x44 D:\Nam_4\HK2\HTNhung_IOT\SDK-NUCLEO\SDK_1.0.3_NUCLEO-F401RE\lib_stm\libLibraries.a(ucg_dev_default_cb.o)
                0x0000000008001ec0                ucg_dev_default_cb
 .text.ucg_ext_none
                0x0000000008001f04       0x1c D:\Nam_4\HK2\HTNhung_IOT\SDK-NUCLEO\SDK_1.0.3_NUCLEO-F401RE\lib_stm\libLibraries.a(ucg_dev_default_cb.o)
                0x0000000008001f04                ucg_ext_none
 .text.ucg_handle_st7735_l90fx
                0x0000000008001f20       0xd8 D:\Nam_4\HK2\HTNhung_IOT\SDK-NUCLEO\SDK_1.0.3_NUCLEO-F401RE\lib_stm\libLibraries.a(ucg_dev_ic_st7735.o)
                0x0000000008001f20                ucg_handle_st7735_l90fx
 .text.ucg_handle_st7735_l90se
                0x0000000008001ff8      0x154 D:\Nam_4\HK2\HTNhung_IOT\SDK-NUCLEO\SDK_1.0.3_NUCLEO-F401RE\lib_stm\libLibraries.a(ucg_dev_ic_st7735.o)
                0x0000000008001ff8                ucg_handle_st7735_l90se
 .text.ucg_dev_ic_st7735_18
                0x000000000800214c       0xf8 D:\Nam_4\HK2\HTNhung_IOT\SDK-NUCLEO\SDK_1.0.3_NUCLEO-F401RE\lib_stm\libLibraries.a(ucg_dev_ic_st7735.o)
                0x000000000800214c                ucg_dev_ic_st7735_18
 .text.ucg_ext_st7735_18
                0x0000000008002244       0x28 D:\Nam_4\HK2\HTNhung_IOT\SDK-NUCLEO\SDK_1.0.3_NUCLEO-F401RE\lib_stm\libLibraries.a(ucg_dev_ic_st7735.o)
                0x0000000008002244                ucg_ext_st7735_18
 .text.ucg_PowerDown
                0x000000000800226c       0x34 D:\Nam_4\HK2\HTNhung_IOT\SDK-NUCLEO\SDK_1.0.3_NUCLEO-F401RE\lib_stm\libLibraries.a(ucg_dev_msg_api.o)
                0x000000000800226c                ucg_PowerDown
 .text.ucg_PowerUp
                0x00000000080022a0       0x3c D:\Nam_4\HK2\HTNhung_IOT\SDK-NUCLEO\SDK_1.0.3_NUCLEO-F401RE\lib_stm\libLibraries.a(ucg_dev_msg_api.o)
                0x00000000080022a0                ucg_PowerUp
 .text.ucg_SetClipBox
                0x00000000080022dc       0x1e D:\Nam_4\HK2\HTNhung_IOT\SDK-NUCLEO\SDK_1.0.3_NUCLEO-F401RE\lib_stm\libLibraries.a(ucg_dev_msg_api.o)
                0x00000000080022dc                ucg_SetClipBox
 .text.ucg_SetMaxClipRange
                0x00000000080022fa       0x30 D:\Nam_4\HK2\HTNhung_IOT\SDK-NUCLEO\SDK_1.0.3_NUCLEO-F401RE\lib_stm\libLibraries.a(ucg_dev_msg_api.o)
                0x00000000080022fa                ucg_SetMaxClipRange
 .text.ucg_GetDimension
                0x000000000800232a       0x24 D:\Nam_4\HK2\HTNhung_IOT\SDK-NUCLEO\SDK_1.0.3_NUCLEO-F401RE\lib_stm\libLibraries.a(ucg_dev_msg_api.o)
                0x000000000800232a                ucg_GetDimension
 .text.ucg_DrawL90FXWithArg
                0x000000000800234e       0x1e D:\Nam_4\HK2\HTNhung_IOT\SDK-NUCLEO\SDK_1.0.3_NUCLEO-F401RE\lib_stm\libLibraries.a(ucg_dev_msg_api.o)
                0x000000000800234e                ucg_DrawL90FXWithArg
 .text.ucg_dev_st7735_18x128x128
                0x000000000800236c       0x80 D:\Nam_4\HK2\HTNhung_IOT\SDK-NUCLEO\SDK_1.0.3_NUCLEO-F401RE\lib_stm\libLibraries.a(ucg_dev_tft_128x128_st7735.o)
                0x000000000800236c                ucg_dev_st7735_18x128x128
 .text.ucg_font_get_byte
                0x00000000080023ec       0x24 D:\Nam_4\HK2\HTNhung_IOT\SDK-NUCLEO\SDK_1.0.3_NUCLEO-F401RE\lib_stm\libLibraries.a(ucg_font.o)
 .text.ucg_font_get_word
                0x0000000008002410       0x40 D:\Nam_4\HK2\HTNhung_IOT\SDK-NUCLEO\SDK_1.0.3_NUCLEO-F401RE\lib_stm\libLibraries.a(ucg_font.o)
 .text.ucg_read_font_info
                0x0000000008002450      0x142 D:\Nam_4\HK2\HTNhung_IOT\SDK-NUCLEO\SDK_1.0.3_NUCLEO-F401RE\lib_stm\libLibraries.a(ucg_font.o)
                0x0000000008002450                ucg_read_font_info
 .text.ucg_font_decode_get_unsigned_bits
                0x0000000008002592       0x96 D:\Nam_4\HK2\HTNhung_IOT\SDK-NUCLEO\SDK_1.0.3_NUCLEO-F401RE\lib_stm\libLibraries.a(ucg_font.o)
                0x0000000008002592                ucg_font_decode_get_unsigned_bits
 .text.ucg_font_decode_get_signed_bits
                0x0000000008002628       0x46 D:\Nam_4\HK2\HTNhung_IOT\SDK-NUCLEO\SDK_1.0.3_NUCLEO-F401RE\lib_stm\libLibraries.a(ucg_font.o)
                0x0000000008002628                ucg_font_decode_get_signed_bits
 .text.ucg_add_vector_y
                0x000000000800266e       0x7a D:\Nam_4\HK2\HTNhung_IOT\SDK-NUCLEO\SDK_1.0.3_NUCLEO-F401RE\lib_stm\libLibraries.a(ucg_font.o)
 .text.ucg_add_vector_x
                0x00000000080026e8       0x7a D:\Nam_4\HK2\HTNhung_IOT\SDK-NUCLEO\SDK_1.0.3_NUCLEO-F401RE\lib_stm\libLibraries.a(ucg_font.o)
 .text.ucg_font_decode_len
                0x0000000008002762      0x118 D:\Nam_4\HK2\HTNhung_IOT\SDK-NUCLEO\SDK_1.0.3_NUCLEO-F401RE\lib_stm\libLibraries.a(ucg_font.o)
                0x0000000008002762                ucg_font_decode_len
 .text.ucg_font_setup_decode
                0x000000000800287a       0x64 D:\Nam_4\HK2\HTNhung_IOT\SDK-NUCLEO\SDK_1.0.3_NUCLEO-F401RE\lib_stm\libLibraries.a(ucg_font.o)
 .text.ucg_font_decode_glyph
                0x00000000080028de      0x14c D:\Nam_4\HK2\HTNhung_IOT\SDK-NUCLEO\SDK_1.0.3_NUCLEO-F401RE\lib_stm\libLibraries.a(ucg_font.o)
                0x00000000080028de                ucg_font_decode_glyph
 .text.ucg_font_get_glyph_data
                0x0000000008002a2a       0x7a D:\Nam_4\HK2\HTNhung_IOT\SDK-NUCLEO\SDK_1.0.3_NUCLEO-F401RE\lib_stm\libLibraries.a(ucg_font.o)
                0x0000000008002a2a                ucg_font_get_glyph_data
 .text.ucg_font_draw_glyph
                0x0000000008002aa4       0x62 D:\Nam_4\HK2\HTNhung_IOT\SDK-NUCLEO\SDK_1.0.3_NUCLEO-F401RE\lib_stm\libLibraries.a(ucg_font.o)
                0x0000000008002aa4                ucg_font_draw_glyph
 .text.ucg_SetFontMode
                0x0000000008002b06       0x20 D:\Nam_4\HK2\HTNhung_IOT\SDK-NUCLEO\SDK_1.0.3_NUCLEO-F401RE\lib_stm\libLibraries.a(ucg_font.o)
                0x0000000008002b06                ucg_SetFontMode
 *fill*         0x0000000008002b26        0x2 
 .text.ucg_DrawGlyph
                0x0000000008002b28       0xb0 D:\Nam_4\HK2\HTNhung_IOT\SDK-NUCLEO\SDK_1.0.3_NUCLEO-F401RE\lib_stm\libLibraries.a(ucg_font.o)
                0x0000000008002b28                ucg_DrawGlyph
 .text.task_drawString
                0x0000000008002bd8      0x138 D:\Nam_4\HK2\HTNhung_IOT\SDK-NUCLEO\SDK_1.0.3_NUCLEO-F401RE\lib_stm\libLibraries.a(ucg_font.o)
                0x0000000008002bd8                task_drawString
 .text.ucg_DrawString
                0x0000000008002d10       0x78 D:\Nam_4\HK2\HTNhung_IOT\SDK-NUCLEO\SDK_1.0.3_NUCLEO-F401RE\lib_stm\libLibraries.a(ucg_font.o)
                0x0000000008002d10                ucg_DrawString
 .text.ucg_UpdateRefHeight
                0x0000000008002d88       0xd8 D:\Nam_4\HK2\HTNhung_IOT\SDK-NUCLEO\SDK_1.0.3_NUCLEO-F401RE\lib_stm\libLibraries.a(ucg_font.o)
                0x0000000008002d88                ucg_UpdateRefHeight
 .text.ucg_font_calc_vref_font
                0x0000000008002e60       0x16 D:\Nam_4\HK2\HTNhung_IOT\SDK-NUCLEO\SDK_1.0.3_NUCLEO-F401RE\lib_stm\libLibraries.a(ucg_font.o)
                0x0000000008002e60                ucg_font_calc_vref_font
 *fill*         0x0000000008002e76        0x2 
 .text.ucg_SetFontPosBaseline
                0x0000000008002e78       0x20 D:\Nam_4\HK2\HTNhung_IOT\SDK-NUCLEO\SDK_1.0.3_NUCLEO-F401RE\lib_stm\libLibraries.a(ucg_font.o)
                0x0000000008002e78                ucg_SetFontPosBaseline
 .text.ucg_SetFont
                0x0000000008002e98       0x4c D:\Nam_4\HK2\HTNhung_IOT\SDK-NUCLEO\SDK_1.0.3_NUCLEO-F401RE\lib_stm\libLibraries.a(ucg_font.o)
                0x0000000008002e98                ucg_SetFont
 .text.ucg_init_struct
                0x0000000008002ee4       0x50 D:\Nam_4\HK2\HTNhung_IOT\SDK-NUCLEO\SDK_1.0.3_NUCLEO-F401RE\lib_stm\libLibraries.a(ucg_init.o)
                0x0000000008002ee4                ucg_init_struct
 .text.ucg_Init
                0x0000000008002f34       0x5c D:\Nam_4\HK2\HTNhung_IOT\SDK-NUCLEO\SDK_1.0.3_NUCLEO-F401RE\lib_stm\libLibraries.a(ucg_init.o)
                0x0000000008002f34                ucg_Init
 .text.ucg_Draw90Line
                0x0000000008002f90       0x88 D:\Nam_4\HK2\HTNhung_IOT\SDK-NUCLEO\SDK_1.0.3_NUCLEO-F401RE\lib_stm\libLibraries.a(ucg_line.o)
                0x0000000008002f90                ucg_Draw90Line
 .text.ucg_DrawHLine
                0x0000000008003018       0x3e D:\Nam_4\HK2\HTNhung_IOT\SDK-NUCLEO\SDK_1.0.3_NUCLEO-F401RE\lib_stm\libLibraries.a(ucg_line.o)
                0x0000000008003018                ucg_DrawHLine
 .text.ucg_SetColor
                0x0000000008003056       0x5c D:\Nam_4\HK2\HTNhung_IOT\SDK-NUCLEO\SDK_1.0.3_NUCLEO-F401RE\lib_stm\libLibraries.a(ucg_pixel.o)
                0x0000000008003056                ucg_SetColor
 .text.ucg_UndoRotate
                0x00000000080030b2       0x32 D:\Nam_4\HK2\HTNhung_IOT\SDK-NUCLEO\SDK_1.0.3_NUCLEO-F401RE\lib_stm\libLibraries.a(ucg_rotate.o)
                0x00000000080030b2                ucg_UndoRotate
 .text.ucg_rotate_180_xy
                0x00000000080030e4       0x66 D:\Nam_4\HK2\HTNhung_IOT\SDK-NUCLEO\SDK_1.0.3_NUCLEO-F401RE\lib_stm\libLibraries.a(ucg_rotate.o)
 *fill*         0x000000000800314a        0x2 
 .text.ucg_dev_rotate180
                0x000000000800314c      0x100 D:\Nam_4\HK2\HTNhung_IOT\SDK-NUCLEO\SDK_1.0.3_NUCLEO-F401RE\lib_stm\libLibraries.a(ucg_rotate.o)
                0x000000000800314c                ucg_dev_rotate180
 .text.ucg_SetRotate180
                0x000000000800324c       0x34 D:\Nam_4\HK2\HTNhung_IOT\SDK-NUCLEO\SDK_1.0.3_NUCLEO-F401RE\lib_stm\libLibraries.a(ucg_rotate.o)
                0x000000000800324c                ucg_SetRotate180
 .text.bufInit  0x0000000008003280       0x36 D:\Nam_4\HK2\HTNhung_IOT\SDK-NUCLEO\SDK_1.0.3_NUCLEO-F401RE\lib_stm\libLibraries.a(buff.o)
                0x0000000008003280                bufInit
 .text.bufNumItems
                0x00000000080032b6       0x18 D:\Nam_4\HK2\HTNhung_IOT\SDK-NUCLEO\SDK_1.0.3_NUCLEO-F401RE\lib_stm\libLibraries.a(buff.o)
                0x00000000080032b6                bufNumItems
 .text.bufIsFull
                0x00000000080032ce       0x26 D:\Nam_4\HK2\HTNhung_IOT\SDK-NUCLEO\SDK_1.0.3_NUCLEO-F401RE\lib_stm\libLibraries.a(buff.o)
                0x00000000080032ce                bufIsFull
 .text.bufIsEmpty
                0x00000000080032f4       0x26 D:\Nam_4\HK2\HTNhung_IOT\SDK-NUCLEO\SDK_1.0.3_NUCLEO-F401RE\lib_stm\libLibraries.a(buff.o)
                0x00000000080032f4                bufIsEmpty
 .text.bufFlush
                0x000000000800331a       0x32 D:\Nam_4\HK2\HTNhung_IOT\SDK-NUCLEO\SDK_1.0.3_NUCLEO-F401RE\lib_stm\libLibraries.a(buff.o)
                0x000000000800331a                bufFlush
 .text.bufEnDat
                0x000000000800334c       0x9c D:\Nam_4\HK2\HTNhung_IOT\SDK-NUCLEO\SDK_1.0.3_NUCLEO-F401RE\lib_stm\libLibraries.a(buff.o)
                0x000000000800334c                bufEnDat
 .text.bufDeDat
                0x00000000080033e8       0x84 D:\Nam_4\HK2\HTNhung_IOT\SDK-NUCLEO\SDK_1.0.3_NUCLEO-F401RE\lib_stm\libLibraries.a(buff.o)
                0x00000000080033e8                bufDeDat
 .text.memsetl  0x000000000800346c       0x32 D:\Nam_4\HK2\HTNhung_IOT\SDK-NUCLEO\SDK_1.0.3_NUCLEO-F401RE\lib_stm\libLibraries.a(utilities.o)
                0x000000000800346c                memsetl
 .text.USART_ReceiveData
                0x000000000800349e       0x20 D:\Nam_4\HK2\HTNhung_IOT\SDK-NUCLEO\SDK_1.0.3_NUCLEO-F401RE\lib_stm\libLibraries.a(stm32f401re_usart.o)
                0x000000000800349e                USART_ReceiveData
 .text.USART_GetITStatus
                0x00000000080034be       0xb6 D:\Nam_4\HK2\HTNhung_IOT\SDK-NUCLEO\SDK_1.0.3_NUCLEO-F401RE\lib_stm\libLibraries.a(stm32f401re_usart.o)
                0x00000000080034be                USART_GetITStatus
 .text.USART_ClearITPendingBit
                0x0000000008003574       0x3a D:\Nam_4\HK2\HTNhung_IOT\SDK-NUCLEO\SDK_1.0.3_NUCLEO-F401RE\lib_stm\libLibraries.a(stm32f401re_usart.o)
                0x0000000008003574                USART_ClearITPendingBit
 .text.ucg_clip_is_x_visible
                0x00000000080035ae       0x4a D:\Nam_4\HK2\HTNhung_IOT\SDK-NUCLEO\SDK_1.0.3_NUCLEO-F401RE\lib_stm\libLibraries.a(ucg_clip.o)
 .text.ucg_clip_is_y_visible
                0x00000000080035f8       0x4a D:\Nam_4\HK2\HTNhung_IOT\SDK-NUCLEO\SDK_1.0.3_NUCLEO-F401RE\lib_stm\libLibraries.a(ucg_clip.o)
 .text.ucg_clip_intersection
                0x0000000008003642       0x74 D:\Nam_4\HK2\HTNhung_IOT\SDK-NUCLEO\SDK_1.0.3_NUCLEO-F401RE\lib_stm\libLibraries.a(ucg_clip.o)
 .text.ucg_clip_is_pixel_visible
                0x00000000080036b6       0x32 D:\Nam_4\HK2\HTNhung_IOT\SDK-NUCLEO\SDK_1.0.3_NUCLEO-F401RE\lib_stm\libLibraries.a(ucg_clip.o)
                0x00000000080036b6                ucg_clip_is_pixel_visible
 .text.ucg_clip_l90fx
                0x00000000080036e8      0x300 D:\Nam_4\HK2\HTNhung_IOT\SDK-NUCLEO\SDK_1.0.3_NUCLEO-F401RE\lib_stm\libLibraries.a(ucg_clip.o)
                0x00000000080036e8                ucg_clip_l90fx
 .text.ucg_clip_l90se
                0x00000000080039e8       0x54 D:\Nam_4\HK2\HTNhung_IOT\SDK-NUCLEO\SDK_1.0.3_NUCLEO-F401RE\lib_stm\libLibraries.a(ucg_clip.o)
                0x00000000080039e8                ucg_clip_l90se
 .text.ucg_com_PowerDown
                0x0000000008003a3c       0x3e D:\Nam_4\HK2\HTNhung_IOT\SDK-NUCLEO\SDK_1.0.3_NUCLEO-F401RE\lib_stm\libLibraries.a(ucg_com_msg_api.o)
                0x0000000008003a3c                ucg_com_PowerDown
 .text.ucg_com_PowerUp
                0x0000000008003a7a       0x60 D:\Nam_4\HK2\HTNhung_IOT\SDK-NUCLEO\SDK_1.0.3_NUCLEO-F401RE\lib_stm\libLibraries.a(ucg_com_msg_api.o)
                0x0000000008003a7a                ucg_com_PowerUp
 .text.ucg_com_SetLineStatus
                0x0000000008003ada       0xe2 D:\Nam_4\HK2\HTNhung_IOT\SDK-NUCLEO\SDK_1.0.3_NUCLEO-F401RE\lib_stm\libLibraries.a(ucg_com_msg_api.o)
                0x0000000008003ada                ucg_com_SetLineStatus
 .text.ucg_com_SetResetLineStatus
                0x0000000008003bbc       0x20 D:\Nam_4\HK2\HTNhung_IOT\SDK-NUCLEO\SDK_1.0.3_NUCLEO-F401RE\lib_stm\libLibraries.a(ucg_com_msg_api.o)
                0x0000000008003bbc                ucg_com_SetResetLineStatus
 .text.ucg_com_SetCSLineStatus
                0x0000000008003bdc       0x20 D:\Nam_4\HK2\HTNhung_IOT\SDK-NUCLEO\SDK_1.0.3_NUCLEO-F401RE\lib_stm\libLibraries.a(ucg_com_msg_api.o)
                0x0000000008003bdc                ucg_com_SetCSLineStatus
 .text.ucg_com_SetCDLineStatus
                0x0000000008003bfc       0x20 D:\Nam_4\HK2\HTNhung_IOT\SDK-NUCLEO\SDK_1.0.3_NUCLEO-F401RE\lib_stm\libLibraries.a(ucg_com_msg_api.o)
                0x0000000008003bfc                ucg_com_SetCDLineStatus
 .text.ucg_com_DelayMicroseconds
                0x0000000008003c1c       0x22 D:\Nam_4\HK2\HTNhung_IOT\SDK-NUCLEO\SDK_1.0.3_NUCLEO-F401RE\lib_stm\libLibraries.a(ucg_com_msg_api.o)
                0x0000000008003c1c                ucg_com_DelayMicroseconds
 .text.ucg_com_DelayMilliseconds
                0x0000000008003c3e       0x2c D:\Nam_4\HK2\HTNhung_IOT\SDK-NUCLEO\SDK_1.0.3_NUCLEO-F401RE\lib_stm\libLibraries.a(ucg_com_msg_api.o)
                0x0000000008003c3e                ucg_com_DelayMilliseconds
 .text.ucg_com_SendByte
                0x0000000008003c6a       0x24 D:\Nam_4\HK2\HTNhung_IOT\SDK-NUCLEO\SDK_1.0.3_NUCLEO-F401RE\lib_stm\libLibraries.a(ucg_com_msg_api.o)
                0x0000000008003c6a                ucg_com_SendByte
 .text.ucg_com_SendStringP
                0x0000000008003c8e       0x40 D:\Nam_4\HK2\HTNhung_IOT\SDK-NUCLEO\SDK_1.0.3_NUCLEO-F401RE\lib_stm\libLibraries.a(ucg_com_msg_api.o)
                0x0000000008003c8e                ucg_com_SendStringP
 .text.ucg_com_SendCmdArg
                0x0000000008003cce       0x74 D:\Nam_4\HK2\HTNhung_IOT\SDK-NUCLEO\SDK_1.0.3_NUCLEO-F401RE\lib_stm\libLibraries.a(ucg_com_msg_api.o)
 *fill*         0x0000000008003d42        0x2 
 .text.ucg_com_SendCmdSeq
                0x0000000008003d44      0x278 D:\Nam_4\HK2\HTNhung_IOT\SDK-NUCLEO\SDK_1.0.3_NUCLEO-F401RE\lib_stm\libLibraries.a(ucg_com_msg_api.o)
                0x0000000008003d44                ucg_com_SendCmdSeq
 .text.__errno  0x0000000008003fbc        0xc d:/software/stm32cubeide/data/stm32cubeide_1.11.0/stm32cubeide/plugins/com.st.stm32cube.ide.mcu.externaltools.gnu-tools-for-stm32.10.3-2021.10.win32_1.0.100.202210260954/tools/bin/../lib/gcc/arm-none-eabi/10.3.1/../../../../arm-none-eabi/lib/thumb/v7e-m+fp/hard\libc_nano.a(lib_a-errno.o)
                0x0000000008003fbc                __errno
 .text.__libc_init_array
                0x0000000008003fc8       0x48 d:/software/stm32cubeide/data/stm32cubeide_1.11.0/stm32cubeide/plugins/com.st.stm32cube.ide.mcu.externaltools.gnu-tools-for-stm32.10.3-2021.10.win32_1.0.100.202210260954/tools/bin/../lib/gcc/arm-none-eabi/10.3.1/../../../../arm-none-eabi/lib/thumb/v7e-m+fp/hard\libc_nano.a(lib_a-init.o)
                0x0000000008003fc8                __libc_init_array
 .text.memset   0x0000000008004010       0x10 d:/software/stm32cubeide/data/stm32cubeide_1.11.0/stm32cubeide/plugins/com.st.stm32cube.ide.mcu.externaltools.gnu-tools-for-stm32.10.3-2021.10.win32_1.0.100.202210260954/tools/bin/../lib/gcc/arm-none-eabi/10.3.1/../../../../arm-none-eabi/lib/thumb/v7e-m+fp/hard\libc_nano.a(lib_a-memset.o)
                0x0000000008004010                memset
 .text.sprintf  0x0000000008004020       0x40 d:/software/stm32cubeide/data/stm32cubeide_1.11.0/stm32cubeide/plugins/com.st.stm32cube.ide.mcu.externaltools.gnu-tools-for-stm32.10.3-2021.10.win32_1.0.100.202210260954/tools/bin/../lib/gcc/arm-none-eabi/10.3.1/../../../../arm-none-eabi/lib/thumb/v7e-m+fp/hard\libc_nano.a(lib_a-sprintf.o)
                0x0000000008004020                siprintf
                0x0000000008004020                sprintf
 .text.__ssputs_r
                0x0000000008004060       0xb6 d:/software/stm32cubeide/data/stm32cubeide_1.11.0/stm32cubeide/plugins/com.st.stm32cube.ide.mcu.externaltools.gnu-tools-for-stm32.10.3-2021.10.win32_1.0.100.202210260954/tools/bin/../lib/gcc/arm-none-eabi/10.3.1/../../../../arm-none-eabi/lib/thumb/v7e-m+fp/hard\libc_nano.a(lib_a-nano-svfprintf.o)
                0x0000000008004060                __ssputs_r
 *fill*         0x0000000008004116        0x2 
 .text._svfprintf_r
                0x0000000008004118      0x200 d:/software/stm32cubeide/data/stm32cubeide_1.11.0/stm32cubeide/plugins/com.st.stm32cube.ide.mcu.externaltools.gnu-tools-for-stm32.10.3-2021.10.win32_1.0.100.202210260954/tools/bin/../lib/gcc/arm-none-eabi/10.3.1/../../../../arm-none-eabi/lib/thumb/v7e-m+fp/hard\libc_nano.a(lib_a-nano-svfprintf.o)
                0x0000000008004118                _svfiprintf_r
                0x0000000008004118                _svfprintf_r
 .text._printf_common
                0x0000000008004318       0xda d:/software/stm32cubeide/data/stm32cubeide_1.11.0/stm32cubeide/plugins/com.st.stm32cube.ide.mcu.externaltools.gnu-tools-for-stm32.10.3-2021.10.win32_1.0.100.202210260954/tools/bin/../lib/gcc/arm-none-eabi/10.3.1/../../../../arm-none-eabi/lib/thumb/v7e-m+fp/hard\libc_nano.a(lib_a-nano-vfprintf_i.o)
                0x0000000008004318                _printf_common
 *fill*         0x00000000080043f2        0x2 
 .text._printf_i
                0x00000000080043f4      0x24c d:/software/stm32cubeide/data/stm32cubeide_1.11.0/stm32cubeide/plugins/com.st.stm32cube.ide.mcu.externaltools.gnu-tools-for-stm32.10.3-2021.10.win32_1.0.100.202210260954/tools/bin/../lib/gcc/arm-none-eabi/10.3.1/../../../../arm-none-eabi/lib/thumb/v7e-m+fp/hard\libc_nano.a(lib_a-nano-vfprintf_i.o)
                0x00000000080043f4                _printf_i
 .text.memcpy   0x0000000008004640       0x1c d:/software/stm32cubeide/data/stm32cubeide_1.11.0/stm32cubeide/plugins/com.st.stm32cube.ide.mcu.externaltools.gnu-tools-for-stm32.10.3-2021.10.win32_1.0.100.202210260954/tools/bin/../lib/gcc/arm-none-eabi/10.3.1/../../../../arm-none-eabi/lib/thumb/v7e-m+fp/hard\libc_nano.a(lib_a-memcpy-stub.o)
                0x0000000008004640                memcpy
 .text.memmove  0x000000000800465c       0x34 d:/software/stm32cubeide/data/stm32cubeide_1.11.0/stm32cubeide/plugins/com.st.stm32cube.ide.mcu.externaltools.gnu-tools-for-stm32.10.3-2021.10.win32_1.0.100.202210260954/tools/bin/../lib/gcc/arm-none-eabi/10.3.1/../../../../arm-none-eabi/lib/thumb/v7e-m+fp/hard\libc_nano.a(lib_a-memmove.o)
                0x000000000800465c                memmove
 .text._free_r  0x0000000008004690       0x98 d:/software/stm32cubeide/data/stm32cubeide_1.11.0/stm32cubeide/plugins/com.st.stm32cube.ide.mcu.externaltools.gnu-tools-for-stm32.10.3-2021.10.win32_1.0.100.202210260954/tools/bin/../lib/gcc/arm-none-eabi/10.3.1/../../../../arm-none-eabi/lib/thumb/v7e-m+fp/hard\libc_nano.a(lib_a-nano-freer.o)
                0x0000000008004690                _free_r
 .text.sbrk_aligned
                0x0000000008004728       0x40 d:/software/stm32cubeide/data/stm32cubeide_1.11.0/stm32cubeide/plugins/com.st.stm32cube.ide.mcu.externaltools.gnu-tools-for-stm32.10.3-2021.10.win32_1.0.100.202210260954/tools/bin/../lib/gcc/arm-none-eabi/10.3.1/../../../../arm-none-eabi/lib/thumb/v7e-m+fp/hard\libc_nano.a(lib_a-nano-mallocr.o)
 .text._malloc_r
                0x0000000008004768       0xe8 d:/software/stm32cubeide/data/stm32cubeide_1.11.0/stm32cubeide/plugins/com.st.stm32cube.ide.mcu.externaltools.gnu-tools-for-stm32.10.3-2021.10.win32_1.0.100.202210260954/tools/bin/../lib/gcc/arm-none-eabi/10.3.1/../../../../arm-none-eabi/lib/thumb/v7e-m+fp/hard\libc_nano.a(lib_a-nano-mallocr.o)
                0x0000000008004768                _malloc_r
 .text._realloc_r
                0x0000000008004850       0x5e d:/software/stm32cubeide/data/stm32cubeide_1.11.0/stm32cubeide/plugins/com.st.stm32cube.ide.mcu.externaltools.gnu-tools-for-stm32.10.3-2021.10.win32_1.0.100.202210260954/tools/bin/../lib/gcc/arm-none-eabi/10.3.1/../../../../arm-none-eabi/lib/thumb/v7e-m+fp/hard\libc_nano.a(lib_a-nano-reallocr.o)
                0x0000000008004850                _realloc_r
 *fill*         0x00000000080048ae        0x2 
 .text._sbrk_r  0x00000000080048b0       0x20 d:/software/stm32cubeide/data/stm32cubeide_1.11.0/stm32cubeide/plugins/com.st.stm32cube.ide.mcu.externaltools.gnu-tools-for-stm32.10.3-2021.10.win32_1.0.100.202210260954/tools/bin/../lib/gcc/arm-none-eabi/10.3.1/../../../../arm-none-eabi/lib/thumb/v7e-m+fp/hard\libc_nano.a(lib_a-sbrkr.o)
                0x00000000080048b0                _sbrk_r
 .text.__malloc_lock
                0x00000000080048d0        0xc d:/software/stm32cubeide/data/stm32cubeide_1.11.0/stm32cubeide/plugins/com.st.stm32cube.ide.mcu.externaltools.gnu-tools-for-stm32.10.3-2021.10.win32_1.0.100.202210260954/tools/bin/../lib/gcc/arm-none-eabi/10.3.1/../../../../arm-none-eabi/lib/thumb/v7e-m+fp/hard\libc_nano.a(lib_a-mlock.o)
                0x00000000080048d0                __malloc_lock
 .text.__malloc_unlock
                0x00000000080048dc        0xc d:/software/stm32cubeide/data/stm32cubeide_1.11.0/stm32cubeide/plugins/com.st.stm32cube.ide.mcu.externaltools.gnu-tools-for-stm32.10.3-2021.10.win32_1.0.100.202210260954/tools/bin/../lib/gcc/arm-none-eabi/10.3.1/../../../../arm-none-eabi/lib/thumb/v7e-m+fp/hard\libc_nano.a(lib_a-mlock.o)
                0x00000000080048dc                __malloc_unlock
 .text._malloc_usable_size_r
                0x00000000080048e8       0x10 d:/software/stm32cubeide/data/stm32cubeide_1.11.0/stm32cubeide/plugins/com.st.stm32cube.ide.mcu.externaltools.gnu-tools-for-stm32.10.3-2021.10.win32_1.0.100.202210260954/tools/bin/../lib/gcc/arm-none-eabi/10.3.1/../../../../arm-none-eabi/lib/thumb/v7e-m+fp/hard\libc_nano.a(lib_a-nano-msizer.o)
                0x00000000080048e8                _malloc_usable_size_r
 .text.__retarget_lock_acquire_recursive
                0x00000000080048f8        0x2 d:/software/stm32cubeide/data/stm32cubeide_1.11.0/stm32cubeide/plugins/com.st.stm32cube.ide.mcu.externaltools.gnu-tools-for-stm32.10.3-2021.10.win32_1.0.100.202210260954/tools/bin/../lib/gcc/arm-none-eabi/10.3.1/../../../../arm-none-eabi/lib/thumb/v7e-m+fp/hard\libc_nano.a(lib_a-lock.o)
                0x00000000080048f8                __retarget_lock_acquire_recursive
 .text.__retarget_lock_release_recursive
                0x00000000080048fa        0x2 d:/software/stm32cubeide/data/stm32cubeide_1.11.0/stm32cubeide/plugins/com.st.stm32cube.ide.mcu.externaltools.gnu-tools-for-stm32.10.3-2021.10.win32_1.0.100.202210260954/tools/bin/../lib/gcc/arm-none-eabi/10.3.1/../../../../arm-none-eabi/lib/thumb/v7e-m+fp/hard\libc_nano.a(lib_a-lock.o)
                0x00000000080048fa                __retarget_lock_release_recursive
 *(.glue_7)
 .glue_7        0x00000000080048fc        0x0 linker stubs
 *(.glue_7t)
 .glue_7t       0x00000000080048fc        0x0 linker stubs
 *(.eh_frame)
 .eh_frame      0x00000000080048fc        0x0 d:/software/stm32cubeide/data/stm32cubeide_1.11.0/stm32cubeide/plugins/com.st.stm32cube.ide.mcu.externaltools.gnu-tools-for-stm32.10.3-2021.10.win32_1.0.100.202210260954/tools/bin/../lib/gcc/arm-none-eabi/10.3.1/thumb/v7e-m+fp/hard/crtbegin.o
 *(.init)
 .init          0x00000000080048fc        0x4 d:/software/stm32cubeide/data/stm32cubeide_1.11.0/stm32cubeide/plugins/com.st.stm32cube.ide.mcu.externaltools.gnu-tools-for-stm32.10.3-2021.10.win32_1.0.100.202210260954/tools/bin/../lib/gcc/arm-none-eabi/10.3.1/thumb/v7e-m+fp/hard/crti.o
                0x00000000080048fc                _init
 .init          0x0000000008004900        0x8 d:/software/stm32cubeide/data/stm32cubeide_1.11.0/stm32cubeide/plugins/com.st.stm32cube.ide.mcu.externaltools.gnu-tools-for-stm32.10.3-2021.10.win32_1.0.100.202210260954/tools/bin/../lib/gcc/arm-none-eabi/10.3.1/thumb/v7e-m+fp/hard/crtn.o
 *(.fini)
 .fini          0x0000000008004908        0x4 d:/software/stm32cubeide/data/stm32cubeide_1.11.0/stm32cubeide/plugins/com.st.stm32cube.ide.mcu.externaltools.gnu-tools-for-stm32.10.3-2021.10.win32_1.0.100.202210260954/tools/bin/../lib/gcc/arm-none-eabi/10.3.1/thumb/v7e-m+fp/hard/crti.o
                0x0000000008004908                _fini
 .fini          0x000000000800490c        0x8 d:/software/stm32cubeide/data/stm32cubeide_1.11.0/stm32cubeide/plugins/com.st.stm32cube.ide.mcu.externaltools.gnu-tools-for-stm32.10.3-2021.10.win32_1.0.100.202210260954/tools/bin/../lib/gcc/arm-none-eabi/10.3.1/thumb/v7e-m+fp/hard/crtn.o
                0x0000000008004914                . = ALIGN (0x4)
                0x0000000008004914                _etext = .

.vfp11_veneer   0x0000000008004914        0x0
 .vfp11_veneer  0x0000000008004914        0x0 linker stubs

.v4_bx          0x0000000008004914        0x0
 .v4_bx         0x0000000008004914        0x0 linker stubs

.iplt           0x0000000008004914        0x0
 .iplt          0x0000000008004914        0x0 d:/software/stm32cubeide/data/stm32cubeide_1.11.0/stm32cubeide/plugins/com.st.stm32cube.ide.mcu.externaltools.gnu-tools-for-stm32.10.3-2021.10.win32_1.0.100.202210260954/tools/bin/../lib/gcc/arm-none-eabi/10.3.1/thumb/v7e-m+fp/hard/crtbegin.o

.rodata         0x0000000008004914      0x910
                0x0000000008004914                . = ALIGN (0x4)
 *(.rodata)
 .rodata        0x0000000008004914       0x44 ./Src/main.o
 .rodata        0x0000000008004958        0xf D:\Nam_4\HK2\HTNhung_IOT\SDK-NUCLEO\SDK_1.0.3_NUCLEO-F401RE\lib_stm\libLibraries.a(ucg_font.o)
 *(.rodata*)
 *fill*         0x0000000008004967        0x1 
 .rodata.ucg_st7735_set_pos_seq
                0x0000000008004968       0x1e D:\Nam_4\HK2\HTNhung_IOT\SDK-NUCLEO\SDK_1.0.3_NUCLEO-F401RE\lib_stm\libLibraries.a(ucg_dev_ic_st7735.o)
                0x0000000008004968                ucg_st7735_set_pos_seq
 *fill*         0x0000000008004986        0x2 
 .rodata.ucg_st7735_set_pos_dir0_seq
                0x0000000008004988       0x1e D:\Nam_4\HK2\HTNhung_IOT\SDK-NUCLEO\SDK_1.0.3_NUCLEO-F401RE\lib_stm\libLibraries.a(ucg_dev_ic_st7735.o)
                0x0000000008004988                ucg_st7735_set_pos_dir0_seq
 *fill*         0x00000000080049a6        0x2 
 .rodata.ucg_st7735_set_pos_dir1_seq
                0x00000000080049a8       0x21 D:\Nam_4\HK2\HTNhung_IOT\SDK-NUCLEO\SDK_1.0.3_NUCLEO-F401RE\lib_stm\libLibraries.a(ucg_dev_ic_st7735.o)
                0x00000000080049a8                ucg_st7735_set_pos_dir1_seq
 *fill*         0x00000000080049c9        0x3 
 .rodata.ucg_st7735_set_pos_dir2_seq
                0x00000000080049cc       0x21 D:\Nam_4\HK2\HTNhung_IOT\SDK-NUCLEO\SDK_1.0.3_NUCLEO-F401RE\lib_stm\libLibraries.a(ucg_dev_ic_st7735.o)
                0x00000000080049cc                ucg_st7735_set_pos_dir2_seq
 *fill*         0x00000000080049ed        0x3 
 .rodata.ucg_st7735_set_pos_dir3_seq
                0x00000000080049f0       0x24 D:\Nam_4\HK2\HTNhung_IOT\SDK-NUCLEO\SDK_1.0.3_NUCLEO-F401RE\lib_stm\libLibraries.a(ucg_dev_ic_st7735.o)
                0x00000000080049f0                ucg_st7735_set_pos_dir3_seq
 .rodata.ucg_st7735_power_down_seq
                0x0000000008004a14        0x7 D:\Nam_4\HK2\HTNhung_IOT\SDK-NUCLEO\SDK_1.0.3_NUCLEO-F401RE\lib_stm\libLibraries.a(ucg_dev_ic_st7735.o)
 *fill*         0x0000000008004a1b        0x1 
 .rodata.ucg_tft_128x160_st7735_init_seq
                0x0000000008004a1c       0x2c D:\Nam_4\HK2\HTNhung_IOT\SDK-NUCLEO\SDK_1.0.3_NUCLEO-F401RE\lib_stm\libLibraries.a(ucg_dev_tft_128x128_st7735.o)
 .rodata.ucg_font_ncenR12_hr
                0x0000000008004a48      0x7a8 D:\Nam_4\HK2\HTNhung_IOT\SDK-NUCLEO\SDK_1.0.3_NUCLEO-F401RE\lib_stm\libLibraries.a(ucg_pixel_font_data.o)
                0x0000000008004a48                ucg_font_ncenR12_hr
 .rodata._svfprintf_r.str1.1
                0x00000000080051f0       0x11 d:/software/stm32cubeide/data/stm32cubeide_1.11.0/stm32cubeide/plugins/com.st.stm32cube.ide.mcu.externaltools.gnu-tools-for-stm32.10.3-2021.10.win32_1.0.100.202210260954/tools/bin/../lib/gcc/arm-none-eabi/10.3.1/../../../../arm-none-eabi/lib/thumb/v7e-m+fp/hard\libc_nano.a(lib_a-nano-svfprintf.o)
 .rodata._printf_i.str1.1
                0x0000000008005201       0x22 d:/software/stm32cubeide/data/stm32cubeide_1.11.0/stm32cubeide/plugins/com.st.stm32cube.ide.mcu.externaltools.gnu-tools-for-stm32.10.3-2021.10.win32_1.0.100.202210260954/tools/bin/../lib/gcc/arm-none-eabi/10.3.1/../../../../arm-none-eabi/lib/thumb/v7e-m+fp/hard\libc_nano.a(lib_a-nano-vfprintf_i.o)
                0x0000000008005224                . = ALIGN (0x4)
 *fill*         0x0000000008005223        0x1 

.rel.dyn        0x0000000008005224        0x0
 .rel.iplt      0x0000000008005224        0x0 d:/software/stm32cubeide/data/stm32cubeide_1.11.0/stm32cubeide/plugins/com.st.stm32cube.ide.mcu.externaltools.gnu-tools-for-stm32.10.3-2021.10.win32_1.0.100.202210260954/tools/bin/../lib/gcc/arm-none-eabi/10.3.1/thumb/v7e-m+fp/hard/crtbegin.o

.ARM.extab      0x0000000008005224        0x0
                0x0000000008005224                . = ALIGN (0x4)
 *(.ARM.extab* .gnu.linkonce.armextab.*)
                0x0000000008005224                . = ALIGN (0x4)

.ARM            0x0000000008005224        0x0
                0x0000000008005224                . = ALIGN (0x4)
                0x0000000008005224                __exidx_start = .
 *(.ARM.exidx*)
                0x0000000008005224                __exidx_end = .
                0x0000000008005224                . = ALIGN (0x4)

.preinit_array  0x0000000008005224        0x0
                0x0000000008005224                . = ALIGN (0x4)
                0x0000000008005224                PROVIDE (__preinit_array_start = .)
 *(.preinit_array*)
                0x0000000008005224                PROVIDE (__preinit_array_end = .)
                0x0000000008005224                . = ALIGN (0x4)

.init_array     0x0000000008005224        0x4
                0x0000000008005224                . = ALIGN (0x4)
                0x0000000008005224                PROVIDE (__init_array_start = .)
 *(SORT_BY_NAME(.init_array.*))
 *(.init_array*)
 .init_array    0x0000000008005224        0x4 d:/software/stm32cubeide/data/stm32cubeide_1.11.0/stm32cubeide/plugins/com.st.stm32cube.ide.mcu.externaltools.gnu-tools-for-stm32.10.3-2021.10.win32_1.0.100.202210260954/tools/bin/../lib/gcc/arm-none-eabi/10.3.1/thumb/v7e-m+fp/hard/crtbegin.o
                0x0000000008005228                PROVIDE (__init_array_end = .)
                0x0000000008005228                . = ALIGN (0x4)

.fini_array     0x0000000008005228        0x4
                0x0000000008005228                . = ALIGN (0x4)
                [!provide]                        PROVIDE (__fini_array_start = .)
 *(SORT_BY_NAME(.fini_array.*))
 *(.fini_array*)
 .fini_array    0x0000000008005228        0x4 d:/software/stm32cubeide/data/stm32cubeide_1.11.0/stm32cubeide/plugins/com.st.stm32cube.ide.mcu.externaltools.gnu-tools-for-stm32.10.3-2021.10.win32_1.0.100.202210260954/tools/bin/../lib/gcc/arm-none-eabi/10.3.1/thumb/v7e-m+fp/hard/crtbegin.o
                [!provide]                        PROVIDE (__fini_array_end = .)
                0x000000000800522c                . = ALIGN (0x4)
                0x000000000800522c                _sidata = LOADADDR (.data)

.data           0x0000000020000000       0x8c load address 0x000000000800522c
                0x0000000020000000                . = ALIGN (0x4)
                0x0000000020000000                _sdata = .
 *(.data)
 *(.data*)
 .data.SystemCoreClock
                0x0000000020000000        0x4 D:\Nam_4\HK2\HTNhung_IOT\SDK-NUCLEO\SDK_1.0.3_NUCLEO-F401RE\lib_stm\libLibraries.a(system_stm32f4xx.o)
                0x0000000020000000                SystemCoreClock
 .data.AHBPrescTable
                0x0000000020000004       0x10 D:\Nam_4\HK2\HTNhung_IOT\SDK-NUCLEO\SDK_1.0.3_NUCLEO-F401RE\lib_stm\libLibraries.a(system_stm32f4xx.o)
                0x0000000020000004                AHBPrescTable
 .data.APBAHBPrescTable
                0x0000000020000014       0x10 D:\Nam_4\HK2\HTNhung_IOT\SDK-NUCLEO\SDK_1.0.3_NUCLEO-F401RE\lib_stm\libLibraries.a(stm32f401re_rcc.o)
 .data.idTaskScanDecodeLen
                0x0000000020000024        0x1 D:\Nam_4\HK2\HTNhung_IOT\SDK-NUCLEO\SDK_1.0.3_NUCLEO-F401RE\lib_stm\libLibraries.a(ucg_font.o)
 *fill*         0x0000000020000025        0x3 
 .data._impure_ptr
                0x0000000020000028        0x4 d:/software/stm32cubeide/data/stm32cubeide_1.11.0/stm32cubeide/plugins/com.st.stm32cube.ide.mcu.externaltools.gnu-tools-for-stm32.10.3-2021.10.win32_1.0.100.202210260954/tools/bin/../lib/gcc/arm-none-eabi/10.3.1/../../../../arm-none-eabi/lib/thumb/v7e-m+fp/hard\libc_nano.a(lib_a-impure.o)
                0x0000000020000028                _impure_ptr
 .data.impure_data
                0x000000002000002c       0x60 d:/software/stm32cubeide/data/stm32cubeide_1.11.0/stm32cubeide/plugins/com.st.stm32cube.ide.mcu.externaltools.gnu-tools-for-stm32.10.3-2021.10.win32_1.0.100.202210260954/tools/bin/../lib/gcc/arm-none-eabi/10.3.1/../../../../arm-none-eabi/lib/thumb/v7e-m+fp/hard\libc_nano.a(lib_a-impure.o)
 *(.RamFunc)
 *(.RamFunc*)
                0x000000002000008c                . = ALIGN (0x4)
                0x000000002000008c                _edata = .

.igot.plt       0x000000002000008c        0x0 load address 0x00000000080052b8
 .igot.plt      0x000000002000008c        0x0 d:/software/stm32cubeide/data/stm32cubeide_1.11.0/stm32cubeide/plugins/com.st.stm32cube.ide.mcu.externaltools.gnu-tools-for-stm32.10.3-2021.10.win32_1.0.100.202210260954/tools/bin/../lib/gcc/arm-none-eabi/10.3.1/thumb/v7e-m+fp/hard/crtbegin.o
                0x000000002000008c                . = ALIGN (0x4)

.bss            0x000000002000008c     0x12f4 load address 0x00000000080052b8
                0x000000002000008c                _sbss = .
                0x000000002000008c                __bss_start__ = _sbss
 *(.bss)
 .bss           0x000000002000008c       0x1c d:/software/stm32cubeide/data/stm32cubeide_1.11.0/stm32cubeide/plugins/com.st.stm32cube.ide.mcu.externaltools.gnu-tools-for-stm32.10.3-2021.10.win32_1.0.100.202210260954/tools/bin/../lib/gcc/arm-none-eabi/10.3.1/thumb/v7e-m+fp/hard/crtbegin.o
 *(.bss*)
 .bss.ucg       0x00000000200000a8       0xb4 ./Src/main.o
 .bss.time_initial
                0x000000002000015c        0x4 ./Src/main.o
                0x000000002000015c                time_initial
 .bss.time_current
                0x0000000020000160        0x4 ./Src/main.o
                0x0000000020000160                time_current
 .bss.idTimer   0x0000000020000164        0x4 ./Src/main.o
                0x0000000020000164                idTimer
 .bss.src1      0x0000000020000168       0x14 ./Src/main.o
 .bss.src2      0x000000002000017c       0x14 ./Src/main.o
 .bss.src3      0x0000000020000190       0x14 ./Src/main.o
 .bss.src4      0x00000000200001a4       0x14 ./Src/main.o
 .bss.time_total
                0x00000000200001b8        0x4 ./Src/main.o
 .bss.temperature
                0x00000000200001bc        0x1 ./Src/main.o
 .bss.humidity  0x00000000200001bd        0x1 ./Src/main.o
 .bss.temperature1
                0x00000000200001be        0x1 ./Src/main.o
 .bss.humidity1
                0x00000000200001bf        0x1 ./Src/main.o
 .bss.__sbrk_heap_end
                0x00000000200001c0        0x4 ./Src/sysmem.o
 .bss.g_pTimerHandle
                0x00000000200001c4      0x180 D:\Nam_4\HK2\HTNhung_IOT\SDK-NUCLEO\SDK_1.0.3_NUCLEO-F401RE\lib_stm\libLibraries.a(timer.o)
 .bss.g_wMilSecTickTimer
                0x0000000020000344        0x4 D:\Nam_4\HK2\HTNhung_IOT\SDK-NUCLEO\SDK_1.0.3_NUCLEO-F401RE\lib_stm\libLibraries.a(timer.o)
 .bss.g_pUartQueueRx
                0x0000000020000348        0x8 D:\Nam_4\HK2\HTNhung_IOT\SDK-NUCLEO\SDK_1.0.3_NUCLEO-F401RE\lib_stm\libLibraries.a(serial.o)
 .bss.fontQueue
                0x0000000020000350       0x10 D:\Nam_4\HK2\HTNhung_IOT\SDK-NUCLEO\SDK_1.0.3_NUCLEO-F401RE\lib_stm\libLibraries.a(ucg_font.o)
 .bss.pQueueFont
                0x0000000020000360     0x1000 D:\Nam_4\HK2\HTNhung_IOT\SDK-NUCLEO\SDK_1.0.3_NUCLEO-F401RE\lib_stm\libLibraries.a(ucg_font.o)
 .bss.next.7562
                0x0000000020001360        0x1 D:\Nam_4\HK2\HTNhung_IOT\SDK-NUCLEO\SDK_1.0.3_NUCLEO-F401RE\lib_stm\libLibraries.a(ucg_font.o)
 *fill*         0x0000000020001361        0x3 
 .bss.__malloc_free_list
                0x0000000020001364        0x4 d:/software/stm32cubeide/data/stm32cubeide_1.11.0/stm32cubeide/plugins/com.st.stm32cube.ide.mcu.externaltools.gnu-tools-for-stm32.10.3-2021.10.win32_1.0.100.202210260954/tools/bin/../lib/gcc/arm-none-eabi/10.3.1/../../../../arm-none-eabi/lib/thumb/v7e-m+fp/hard\libc_nano.a(lib_a-nano-mallocr.o)
                0x0000000020001364                __malloc_free_list
 .bss.__malloc_sbrk_start
                0x0000000020001368        0x4 d:/software/stm32cubeide/data/stm32cubeide_1.11.0/stm32cubeide/plugins/com.st.stm32cube.ide.mcu.externaltools.gnu-tools-for-stm32.10.3-2021.10.win32_1.0.100.202210260954/tools/bin/../lib/gcc/arm-none-eabi/10.3.1/../../../../arm-none-eabi/lib/thumb/v7e-m+fp/hard\libc_nano.a(lib_a-nano-mallocr.o)
                0x0000000020001368                __malloc_sbrk_start
 .bss.errno     0x000000002000136c        0x4 d:/software/stm32cubeide/data/stm32cubeide_1.11.0/stm32cubeide/plugins/com.st.stm32cube.ide.mcu.externaltools.gnu-tools-for-stm32.10.3-2021.10.win32_1.0.100.202210260954/tools/bin/../lib/gcc/arm-none-eabi/10.3.1/../../../../arm-none-eabi/lib/thumb/v7e-m+fp/hard\libc_nano.a(lib_a-reent.o)
                0x000000002000136c                errno
 .bss.__lock___malloc_recursive_mutex
                0x0000000020001370        0x1 d:/software/stm32cubeide/data/stm32cubeide_1.11.0/stm32cubeide/plugins/com.st.stm32cube.ide.mcu.externaltools.gnu-tools-for-stm32.10.3-2021.10.win32_1.0.100.202210260954/tools/bin/../lib/gcc/arm-none-eabi/10.3.1/../../../../arm-none-eabi/lib/thumb/v7e-m+fp/hard\libc_nano.a(lib_a-lock.o)
                0x0000000020001370                __lock___malloc_recursive_mutex
 *(COMMON)
 *fill*         0x0000000020001371        0x3 
 COMMON         0x0000000020001374        0xc D:\Nam_4\HK2\HTNhung_IOT\SDK-NUCLEO\SDK_1.0.3_NUCLEO-F401RE\lib_stm\libLibraries.a(ucg_font.o)
                0x0000000020001374                ucg_draw_str
                0x0000000020001380                . = ALIGN (0x4)
                0x0000000020001380                _ebss = .
                0x0000000020001380                __bss_end__ = _ebss

._user_heap_stack
                0x0000000020001380      0x600 load address 0x00000000080052b8
                0x0000000020001380                . = ALIGN (0x8)
                [!provide]                        PROVIDE (end = .)
                0x0000000020001380                PROVIDE (_end = .)
                0x0000000020001580                . = (. + _Min_Heap_Size)
 *fill*         0x0000000020001380      0x200 
                0x0000000020001980                . = (. + _Min_Stack_Size)
 *fill*         0x0000000020001580      0x400 
                0x0000000020001980                . = ALIGN (0x8)

/DISCARD/
 libc.a(*)
 libm.a(*)
 libgcc.a(*)

.ARM.attributes
                0x0000000000000000       0x30
 *(.ARM.attributes)
 .ARM.attributes
                0x0000000000000000       0x1e d:/software/stm32cubeide/data/stm32cubeide_1.11.0/stm32cubeide/plugins/com.st.stm32cube.ide.mcu.externaltools.gnu-tools-for-stm32.10.3-2021.10.win32_1.0.100.202210260954/tools/bin/../lib/gcc/arm-none-eabi/10.3.1/thumb/v7e-m+fp/hard/crti.o
 .ARM.attributes
                0x000000000000001e       0x34 d:/software/stm32cubeide/data/stm32cubeide_1.11.0/stm32cubeide/plugins/com.st.stm32cube.ide.mcu.externaltools.gnu-tools-for-stm32.10.3-2021.10.win32_1.0.100.202210260954/tools/bin/../lib/gcc/arm-none-eabi/10.3.1/thumb/v7e-m+fp/hard/crtbegin.o
 .ARM.attributes
                0x0000000000000052       0x34 ./Src/main.o
 .ARM.attributes
                0x0000000000000086       0x34 ./Src/sysmem.o
 .ARM.attributes
                0x00000000000000ba       0x21 ./Startup/startup_stm32f401retx.o
 .ARM.attributes
                0x00000000000000db       0x39 D:\Nam_4\HK2\HTNhung_IOT\SDK-NUCLEO\SDK_1.0.3_NUCLEO-F401RE\lib_stm\libLibraries.a(system_stm32f4xx.o)
 .ARM.attributes
                0x0000000000000114       0x39 D:\Nam_4\HK2\HTNhung_IOT\SDK-NUCLEO\SDK_1.0.3_NUCLEO-F401RE\lib_stm\libLibraries.a(stm32f401re_gpio.o)
 .ARM.attributes
                0x000000000000014d       0x39 D:\Nam_4\HK2\HTNhung_IOT\SDK-NUCLEO\SDK_1.0.3_NUCLEO-F401RE\lib_stm\libLibraries.a(stm32f401re_i2c.o)
 .ARM.attributes
                0x0000000000000186       0x39 D:\Nam_4\HK2\HTNhung_IOT\SDK-NUCLEO\SDK_1.0.3_NUCLEO-F401RE\lib_stm\libLibraries.a(stm32f401re_rcc.o)
 .ARM.attributes
                0x00000000000001bf       0x39 D:\Nam_4\HK2\HTNhung_IOT\SDK-NUCLEO\SDK_1.0.3_NUCLEO-F401RE\lib_stm\libLibraries.a(timer.o)
 .ARM.attributes
                0x00000000000001f8       0x39 D:\Nam_4\HK2\HTNhung_IOT\SDK-NUCLEO\SDK_1.0.3_NUCLEO-F401RE\lib_stm\libLibraries.a(temhumsensor.o)
 .ARM.attributes
                0x0000000000000231       0x39 D:\Nam_4\HK2\HTNhung_IOT\SDK-NUCLEO\SDK_1.0.3_NUCLEO-F401RE\lib_stm\libLibraries.a(serial.o)
 .ARM.attributes
                0x000000000000026a       0x39 D:\Nam_4\HK2\HTNhung_IOT\SDK-NUCLEO\SDK_1.0.3_NUCLEO-F401RE\lib_stm\libLibraries.a(Ucglib.o)
 .ARM.attributes
                0x00000000000002a3       0x39 D:\Nam_4\HK2\HTNhung_IOT\SDK-NUCLEO\SDK_1.0.3_NUCLEO-F401RE\lib_stm\libLibraries.a(ucg_box.o)
 .ARM.attributes
                0x00000000000002dc       0x39 D:\Nam_4\HK2\HTNhung_IOT\SDK-NUCLEO\SDK_1.0.3_NUCLEO-F401RE\lib_stm\libLibraries.a(ucg_ccs.o)
 .ARM.attributes
                0x0000000000000315       0x39 D:\Nam_4\HK2\HTNhung_IOT\SDK-NUCLEO\SDK_1.0.3_NUCLEO-F401RE\lib_stm\libLibraries.a(ucg_dev_default_cb.o)
 .ARM.attributes
                0x000000000000034e       0x39 D:\Nam_4\HK2\HTNhung_IOT\SDK-NUCLEO\SDK_1.0.3_NUCLEO-F401RE\lib_stm\libLibraries.a(ucg_dev_ic_st7735.o)
 .ARM.attributes
                0x0000000000000387       0x39 D:\Nam_4\HK2\HTNhung_IOT\SDK-NUCLEO\SDK_1.0.3_NUCLEO-F401RE\lib_stm\libLibraries.a(ucg_dev_msg_api.o)
 .ARM.attributes
                0x00000000000003c0       0x39 D:\Nam_4\HK2\HTNhung_IOT\SDK-NUCLEO\SDK_1.0.3_NUCLEO-F401RE\lib_stm\libLibraries.a(ucg_dev_tft_128x128_st7735.o)
 .ARM.attributes
                0x00000000000003f9       0x39 D:\Nam_4\HK2\HTNhung_IOT\SDK-NUCLEO\SDK_1.0.3_NUCLEO-F401RE\lib_stm\libLibraries.a(ucg_font.o)
 .ARM.attributes
                0x0000000000000432       0x39 D:\Nam_4\HK2\HTNhung_IOT\SDK-NUCLEO\SDK_1.0.3_NUCLEO-F401RE\lib_stm\libLibraries.a(ucg_init.o)
 .ARM.attributes
                0x000000000000046b       0x39 D:\Nam_4\HK2\HTNhung_IOT\SDK-NUCLEO\SDK_1.0.3_NUCLEO-F401RE\lib_stm\libLibraries.a(ucg_line.o)
 .ARM.attributes
                0x00000000000004a4       0x39 D:\Nam_4\HK2\HTNhung_IOT\SDK-NUCLEO\SDK_1.0.3_NUCLEO-F401RE\lib_stm\libLibraries.a(ucg_pixel.o)
 .ARM.attributes
                0x00000000000004dd       0x39 D:\Nam_4\HK2\HTNhung_IOT\SDK-NUCLEO\SDK_1.0.3_NUCLEO-F401RE\lib_stm\libLibraries.a(ucg_pixel_font_data.o)
 .ARM.attributes
                0x0000000000000516       0x39 D:\Nam_4\HK2\HTNhung_IOT\SDK-NUCLEO\SDK_1.0.3_NUCLEO-F401RE\lib_stm\libLibraries.a(ucg_rotate.o)
 .ARM.attributes
                0x000000000000054f       0x39 D:\Nam_4\HK2\HTNhung_IOT\SDK-NUCLEO\SDK_1.0.3_NUCLEO-F401RE\lib_stm\libLibraries.a(buff.o)
 .ARM.attributes
                0x0000000000000588       0x39 D:\Nam_4\HK2\HTNhung_IOT\SDK-NUCLEO\SDK_1.0.3_NUCLEO-F401RE\lib_stm\libLibraries.a(utilities.o)
 .ARM.attributes
                0x00000000000005c1       0x39 D:\Nam_4\HK2\HTNhung_IOT\SDK-NUCLEO\SDK_1.0.3_NUCLEO-F401RE\lib_stm\libLibraries.a(stm32f401re_usart.o)
 .ARM.attributes
                0x00000000000005fa       0x39 D:\Nam_4\HK2\HTNhung_IOT\SDK-NUCLEO\SDK_1.0.3_NUCLEO-F401RE\lib_stm\libLibraries.a(ucg_clip.o)
 .ARM.attributes
                0x0000000000000633       0x39 D:\Nam_4\HK2\HTNhung_IOT\SDK-NUCLEO\SDK_1.0.3_NUCLEO-F401RE\lib_stm\libLibraries.a(ucg_com_msg_api.o)
 .ARM.attributes
                0x000000000000066c       0x34 d:/software/stm32cubeide/data/stm32cubeide_1.11.0/stm32cubeide/plugins/com.st.stm32cube.ide.mcu.externaltools.gnu-tools-for-stm32.10.3-2021.10.win32_1.0.100.202210260954/tools/bin/../lib/gcc/arm-none-eabi/10.3.1/../../../../arm-none-eabi/lib/thumb/v7e-m+fp/hard\libc_nano.a(lib_a-errno.o)
 .ARM.attributes
                0x00000000000006a0       0x34 d:/software/stm32cubeide/data/stm32cubeide_1.11.0/stm32cubeide/plugins/com.st.stm32cube.ide.mcu.externaltools.gnu-tools-for-stm32.10.3-2021.10.win32_1.0.100.202210260954/tools/bin/../lib/gcc/arm-none-eabi/10.3.1/../../../../arm-none-eabi/lib/thumb/v7e-m+fp/hard\libc_nano.a(lib_a-impure.o)
 .ARM.attributes
                0x00000000000006d4       0x34 d:/software/stm32cubeide/data/stm32cubeide_1.11.0/stm32cubeide/plugins/com.st.stm32cube.ide.mcu.externaltools.gnu-tools-for-stm32.10.3-2021.10.win32_1.0.100.202210260954/tools/bin/../lib/gcc/arm-none-eabi/10.3.1/../../../../arm-none-eabi/lib/thumb/v7e-m+fp/hard\libc_nano.a(lib_a-init.o)
 .ARM.attributes
                0x0000000000000708       0x34 d:/software/stm32cubeide/data/stm32cubeide_1.11.0/stm32cubeide/plugins/com.st.stm32cube.ide.mcu.externaltools.gnu-tools-for-stm32.10.3-2021.10.win32_1.0.100.202210260954/tools/bin/../lib/gcc/arm-none-eabi/10.3.1/../../../../arm-none-eabi/lib/thumb/v7e-m+fp/hard\libc_nano.a(lib_a-memset.o)
 .ARM.attributes
                0x000000000000073c       0x34 d:/software/stm32cubeide/data/stm32cubeide_1.11.0/stm32cubeide/plugins/com.st.stm32cube.ide.mcu.externaltools.gnu-tools-for-stm32.10.3-2021.10.win32_1.0.100.202210260954/tools/bin/../lib/gcc/arm-none-eabi/10.3.1/../../../../arm-none-eabi/lib/thumb/v7e-m+fp/hard\libc_nano.a(lib_a-sprintf.o)
 .ARM.attributes
                0x0000000000000770       0x34 d:/software/stm32cubeide/data/stm32cubeide_1.11.0/stm32cubeide/plugins/com.st.stm32cube.ide.mcu.externaltools.gnu-tools-for-stm32.10.3-2021.10.win32_1.0.100.202210260954/tools/bin/../lib/gcc/arm-none-eabi/10.3.1/../../../../arm-none-eabi/lib/thumb/v7e-m+fp/hard\libc_nano.a(lib_a-nano-svfprintf.o)
 .ARM.attributes
                0x00000000000007a4       0x34 d:/software/stm32cubeide/data/stm32cubeide_1.11.0/stm32cubeide/plugins/com.st.stm32cube.ide.mcu.externaltools.gnu-tools-for-stm32.10.3-2021.10.win32_1.0.100.202210260954/tools/bin/../lib/gcc/arm-none-eabi/10.3.1/../../../../arm-none-eabi/lib/thumb/v7e-m+fp/hard\libc_nano.a(lib_a-nano-vfprintf_i.o)
 .ARM.attributes
                0x00000000000007d8       0x1c d:/software/stm32cubeide/data/stm32cubeide_1.11.0/stm32cubeide/plugins/com.st.stm32cube.ide.mcu.externaltools.gnu-tools-for-stm32.10.3-2021.10.win32_1.0.100.202210260954/tools/bin/../lib/gcc/arm-none-eabi/10.3.1/../../../../arm-none-eabi/lib/thumb/v7e-m+fp/hard\libc_nano.a(lib_a-memchr.o)
 .ARM.attributes
                0x00000000000007f4       0x34 d:/software/stm32cubeide/data/stm32cubeide_1.11.0/stm32cubeide/plugins/com.st.stm32cube.ide.mcu.externaltools.gnu-tools-for-stm32.10.3-2021.10.win32_1.0.100.202210260954/tools/bin/../lib/gcc/arm-none-eabi/10.3.1/../../../../arm-none-eabi/lib/thumb/v7e-m+fp/hard\libc_nano.a(lib_a-memcpy-stub.o)
 .ARM.attributes
                0x0000000000000828       0x34 d:/software/stm32cubeide/data/stm32cubeide_1.11.0/stm32cubeide/plugins/com.st.stm32cube.ide.mcu.externaltools.gnu-tools-for-stm32.10.3-2021.10.win32_1.0.100.202210260954/tools/bin/../lib/gcc/arm-none-eabi/10.3.1/../../../../arm-none-eabi/lib/thumb/v7e-m+fp/hard\libc_nano.a(lib_a-memmove.o)
 .ARM.attributes
                0x000000000000085c       0x34 d:/software/stm32cubeide/data/stm32cubeide_1.11.0/stm32cubeide/plugins/com.st.stm32cube.ide.mcu.externaltools.gnu-tools-for-stm32.10.3-2021.10.win32_1.0.100.202210260954/tools/bin/../lib/gcc/arm-none-eabi/10.3.1/../../../../arm-none-eabi/lib/thumb/v7e-m+fp/hard\libc_nano.a(lib_a-nano-freer.o)
 .ARM.attributes
                0x0000000000000890       0x34 d:/software/stm32cubeide/data/stm32cubeide_1.11.0/stm32cubeide/plugins/com.st.stm32cube.ide.mcu.externaltools.gnu-tools-for-stm32.10.3-2021.10.win32_1.0.100.202210260954/tools/bin/../lib/gcc/arm-none-eabi/10.3.1/../../../../arm-none-eabi/lib/thumb/v7e-m+fp/hard\libc_nano.a(lib_a-nano-mallocr.o)
 .ARM.attributes
                0x00000000000008c4       0x34 d:/software/stm32cubeide/data/stm32cubeide_1.11.0/stm32cubeide/plugins/com.st.stm32cube.ide.mcu.externaltools.gnu-tools-for-stm32.10.3-2021.10.win32_1.0.100.202210260954/tools/bin/../lib/gcc/arm-none-eabi/10.3.1/../../../../arm-none-eabi/lib/thumb/v7e-m+fp/hard\libc_nano.a(lib_a-nano-reallocr.o)
 .ARM.attributes
                0x00000000000008f8       0x34 d:/software/stm32cubeide/data/stm32cubeide_1.11.0/stm32cubeide/plugins/com.st.stm32cube.ide.mcu.externaltools.gnu-tools-for-stm32.10.3-2021.10.win32_1.0.100.202210260954/tools/bin/../lib/gcc/arm-none-eabi/10.3.1/../../../../arm-none-eabi/lib/thumb/v7e-m+fp/hard\libc_nano.a(lib_a-sbrkr.o)
 .ARM.attributes
                0x000000000000092c       0x34 d:/software/stm32cubeide/data/stm32cubeide_1.11.0/stm32cubeide/plugins/com.st.stm32cube.ide.mcu.externaltools.gnu-tools-for-stm32.10.3-2021.10.win32_1.0.100.202210260954/tools/bin/../lib/gcc/arm-none-eabi/10.3.1/../../../../arm-none-eabi/lib/thumb/v7e-m+fp/hard\libc_nano.a(lib_a-mlock.o)
 .ARM.attributes
                0x0000000000000960       0x34 d:/software/stm32cubeide/data/stm32cubeide_1.11.0/stm32cubeide/plugins/com.st.stm32cube.ide.mcu.externaltools.gnu-tools-for-stm32.10.3-2021.10.win32_1.0.100.202210260954/tools/bin/../lib/gcc/arm-none-eabi/10.3.1/../../../../arm-none-eabi/lib/thumb/v7e-m+fp/hard\libc_nano.a(lib_a-nano-msizer.o)
 .ARM.attributes
                0x0000000000000994       0x34 d:/software/stm32cubeide/data/stm32cubeide_1.11.0/stm32cubeide/plugins/com.st.stm32cube.ide.mcu.externaltools.gnu-tools-for-stm32.10.3-2021.10.win32_1.0.100.202210260954/tools/bin/../lib/gcc/arm-none-eabi/10.3.1/../../../../arm-none-eabi/lib/thumb/v7e-m+fp/hard\libc_nano.a(lib_a-reent.o)
 .ARM.attributes
                0x00000000000009c8       0x34 d:/software/stm32cubeide/data/stm32cubeide_1.11.0/stm32cubeide/plugins/com.st.stm32cube.ide.mcu.externaltools.gnu-tools-for-stm32.10.3-2021.10.win32_1.0.100.202210260954/tools/bin/../lib/gcc/arm-none-eabi/10.3.1/../../../../arm-none-eabi/lib/thumb/v7e-m+fp/hard\libc_nano.a(lib_a-lock.o)
 .ARM.attributes
                0x00000000000009fc       0x1e d:/software/stm32cubeide/data/stm32cubeide_1.11.0/stm32cubeide/plugins/com.st.stm32cube.ide.mcu.externaltools.gnu-tools-for-stm32.10.3-2021.10.win32_1.0.100.202210260954/tools/bin/../lib/gcc/arm-none-eabi/10.3.1/thumb/v7e-m+fp/hard/crtn.o
OUTPUT(thucHanhBaiTap2.elf elf32-littlearm)
LOAD linker stubs
LOAD d:/software/stm32cubeide/data/stm32cubeide_1.11.0/stm32cubeide/plugins/com.st.stm32cube.ide.mcu.externaltools.gnu-tools-for-stm32.10.3-2021.10.win32_1.0.100.202210260954/tools/bin/../lib/gcc/arm-none-eabi/10.3.1/../../../../arm-none-eabi/lib/thumb/v7e-m+fp/hard\libc.a
LOAD d:/software/stm32cubeide/data/stm32cubeide_1.11.0/stm32cubeide/plugins/com.st.stm32cube.ide.mcu.externaltools.gnu-tools-for-stm32.10.3-2021.10.win32_1.0.100.202210260954/tools/bin/../lib/gcc/arm-none-eabi/10.3.1/../../../../arm-none-eabi/lib/thumb/v7e-m+fp/hard\libm.a
LOAD d:/software/stm32cubeide/data/stm32cubeide_1.11.0/stm32cubeide/plugins/com.st.stm32cube.ide.mcu.externaltools.gnu-tools-for-stm32.10.3-2021.10.win32_1.0.100.202210260954/tools/bin/../lib/gcc/arm-none-eabi/10.3.1/thumb/v7e-m+fp/hard\libgcc.a

.debug_info     0x0000000000000000    0x379b4
 .debug_info    0x0000000000000000     0x1281 ./Src/main.o
 .debug_info    0x0000000000001281      0x171 ./Src/sysmem.o
 .debug_info    0x00000000000013f2       0x22 ./Startup/startup_stm32f401retx.o
 .debug_info    0x0000000000001414      0x5bb D:\Nam_4\HK2\HTNhung_IOT\SDK-NUCLEO\SDK_1.0.3_NUCLEO-F401RE\lib_stm\libLibraries.a(system_stm32f4xx.o)
 .debug_info    0x00000000000019cf      0x62b D:\Nam_4\HK2\HTNhung_IOT\SDK-NUCLEO\SDK_1.0.3_NUCLEO-F401RE\lib_stm\libLibraries.a(stm32f401re_gpio.o)
 .debug_info    0x0000000000001ffa      0xb9e D:\Nam_4\HK2\HTNhung_IOT\SDK-NUCLEO\SDK_1.0.3_NUCLEO-F401RE\lib_stm\libLibraries.a(stm32f401re_i2c.o)
 .debug_info    0x0000000000002b98      0xd5e D:\Nam_4\HK2\HTNhung_IOT\SDK-NUCLEO\SDK_1.0.3_NUCLEO-F401RE\lib_stm\libLibraries.a(stm32f401re_rcc.o)
 .debug_info    0x00000000000038f6      0x922 D:\Nam_4\HK2\HTNhung_IOT\SDK-NUCLEO\SDK_1.0.3_NUCLEO-F401RE\lib_stm\libLibraries.a(timer.o)
 .debug_info    0x0000000000004218      0xafd D:\Nam_4\HK2\HTNhung_IOT\SDK-NUCLEO\SDK_1.0.3_NUCLEO-F401RE\lib_stm\libLibraries.a(temhumsensor.o)
 .debug_info    0x0000000000004d15      0xb11 D:\Nam_4\HK2\HTNhung_IOT\SDK-NUCLEO\SDK_1.0.3_NUCLEO-F401RE\lib_stm\libLibraries.a(serial.o)
 .debug_info    0x0000000000005826     0x333f D:\Nam_4\HK2\HTNhung_IOT\SDK-NUCLEO\SDK_1.0.3_NUCLEO-F401RE\lib_stm\libLibraries.a(Ucglib.o)
 .debug_info    0x0000000000008b65     0x329d D:\Nam_4\HK2\HTNhung_IOT\SDK-NUCLEO\SDK_1.0.3_NUCLEO-F401RE\lib_stm\libLibraries.a(ucg_box.o)
 .debug_info    0x000000000000be02     0x2b08 D:\Nam_4\HK2\HTNhung_IOT\SDK-NUCLEO\SDK_1.0.3_NUCLEO-F401RE\lib_stm\libLibraries.a(ucg_ccs.o)
 .debug_info    0x000000000000e90a     0x324b D:\Nam_4\HK2\HTNhung_IOT\SDK-NUCLEO\SDK_1.0.3_NUCLEO-F401RE\lib_stm\libLibraries.a(ucg_dev_default_cb.o)
 .debug_info    0x0000000000011b55     0x3272 D:\Nam_4\HK2\HTNhung_IOT\SDK-NUCLEO\SDK_1.0.3_NUCLEO-F401RE\lib_stm\libLibraries.a(ucg_dev_ic_st7735.o)
 .debug_info    0x0000000000014dc7     0x3178 D:\Nam_4\HK2\HTNhung_IOT\SDK-NUCLEO\SDK_1.0.3_NUCLEO-F401RE\lib_stm\libLibraries.a(ucg_dev_msg_api.o)
 .debug_info    0x0000000000017f3f     0x303e D:\Nam_4\HK2\HTNhung_IOT\SDK-NUCLEO\SDK_1.0.3_NUCLEO-F401RE\lib_stm\libLibraries.a(ucg_dev_tft_128x128_st7735.o)
 .debug_info    0x000000000001af7d     0x43ab D:\Nam_4\HK2\HTNhung_IOT\SDK-NUCLEO\SDK_1.0.3_NUCLEO-F401RE\lib_stm\libLibraries.a(ucg_font.o)
 .debug_info    0x000000000001f328     0x3856 D:\Nam_4\HK2\HTNhung_IOT\SDK-NUCLEO\SDK_1.0.3_NUCLEO-F401RE\lib_stm\libLibraries.a(ucg_init.o)
 .debug_info    0x0000000000022b7e     0x3222 D:\Nam_4\HK2\HTNhung_IOT\SDK-NUCLEO\SDK_1.0.3_NUCLEO-F401RE\lib_stm\libLibraries.a(ucg_line.o)
 .debug_info    0x0000000000025da0     0x3056 D:\Nam_4\HK2\HTNhung_IOT\SDK-NUCLEO\SDK_1.0.3_NUCLEO-F401RE\lib_stm\libLibraries.a(ucg_pixel.o)
 .debug_info    0x0000000000028df6     0x43df D:\Nam_4\HK2\HTNhung_IOT\SDK-NUCLEO\SDK_1.0.3_NUCLEO-F401RE\lib_stm\libLibraries.a(ucg_pixel_font_data.o)
 .debug_info    0x000000000002d1d5     0x3231 D:\Nam_4\HK2\HTNhung_IOT\SDK-NUCLEO\SDK_1.0.3_NUCLEO-F401RE\lib_stm\libLibraries.a(ucg_rotate.o)
 .debug_info    0x0000000000030406      0x339 D:\Nam_4\HK2\HTNhung_IOT\SDK-NUCLEO\SDK_1.0.3_NUCLEO-F401RE\lib_stm\libLibraries.a(buff.o)
 .debug_info    0x000000000003073f      0x2bd D:\Nam_4\HK2\HTNhung_IOT\SDK-NUCLEO\SDK_1.0.3_NUCLEO-F401RE\lib_stm\libLibraries.a(utilities.o)
 .debug_info    0x00000000000309fc      0x9d4 D:\Nam_4\HK2\HTNhung_IOT\SDK-NUCLEO\SDK_1.0.3_NUCLEO-F401RE\lib_stm\libLibraries.a(stm32f401re_usart.o)
 .debug_info    0x00000000000313d0     0x315a D:\Nam_4\HK2\HTNhung_IOT\SDK-NUCLEO\SDK_1.0.3_NUCLEO-F401RE\lib_stm\libLibraries.a(ucg_clip.o)
 .debug_info    0x000000000003452a     0x348a D:\Nam_4\HK2\HTNhung_IOT\SDK-NUCLEO\SDK_1.0.3_NUCLEO-F401RE\lib_stm\libLibraries.a(ucg_com_msg_api.o)

.debug_abbrev   0x0000000000000000     0x2de4
 .debug_abbrev  0x0000000000000000      0x3b4 ./Src/main.o
 .debug_abbrev  0x00000000000003b4       0xbb ./Src/sysmem.o
 .debug_abbrev  0x000000000000046f       0x12 ./Startup/startup_stm32f401retx.o
 .debug_abbrev  0x0000000000000481      0x138 D:\Nam_4\HK2\HTNhung_IOT\SDK-NUCLEO\SDK_1.0.3_NUCLEO-F401RE\lib_stm\libLibraries.a(system_stm32f4xx.o)
 .debug_abbrev  0x00000000000005b9      0x1bf D:\Nam_4\HK2\HTNhung_IOT\SDK-NUCLEO\SDK_1.0.3_NUCLEO-F401RE\lib_stm\libLibraries.a(stm32f401re_gpio.o)
 .debug_abbrev  0x0000000000000778      0x196 D:\Nam_4\HK2\HTNhung_IOT\SDK-NUCLEO\SDK_1.0.3_NUCLEO-F401RE\lib_stm\libLibraries.a(stm32f401re_i2c.o)
 .debug_abbrev  0x000000000000090e      0x1d4 D:\Nam_4\HK2\HTNhung_IOT\SDK-NUCLEO\SDK_1.0.3_NUCLEO-F401RE\lib_stm\libLibraries.a(stm32f401re_rcc.o)
 .debug_abbrev  0x0000000000000ae2      0x29a D:\Nam_4\HK2\HTNhung_IOT\SDK-NUCLEO\SDK_1.0.3_NUCLEO-F401RE\lib_stm\libLibraries.a(timer.o)
 .debug_abbrev  0x0000000000000d7c      0x24a D:\Nam_4\HK2\HTNhung_IOT\SDK-NUCLEO\SDK_1.0.3_NUCLEO-F401RE\lib_stm\libLibraries.a(temhumsensor.o)
 .debug_abbrev  0x0000000000000fc6      0x2ba D:\Nam_4\HK2\HTNhung_IOT\SDK-NUCLEO\SDK_1.0.3_NUCLEO-F401RE\lib_stm\libLibraries.a(serial.o)
 .debug_abbrev  0x0000000000001280      0x202 D:\Nam_4\HK2\HTNhung_IOT\SDK-NUCLEO\SDK_1.0.3_NUCLEO-F401RE\lib_stm\libLibraries.a(Ucglib.o)
 .debug_abbrev  0x0000000000001482      0x18b D:\Nam_4\HK2\HTNhung_IOT\SDK-NUCLEO\SDK_1.0.3_NUCLEO-F401RE\lib_stm\libLibraries.a(ucg_box.o)
 .debug_abbrev  0x000000000000160d       0xf5 D:\Nam_4\HK2\HTNhung_IOT\SDK-NUCLEO\SDK_1.0.3_NUCLEO-F401RE\lib_stm\libLibraries.a(ucg_ccs.o)
 .debug_abbrev  0x0000000000001702      0x19e D:\Nam_4\HK2\HTNhung_IOT\SDK-NUCLEO\SDK_1.0.3_NUCLEO-F401RE\lib_stm\libLibraries.a(ucg_dev_default_cb.o)
 .debug_abbrev  0x00000000000018a0      0x1dc D:\Nam_4\HK2\HTNhung_IOT\SDK-NUCLEO\SDK_1.0.3_NUCLEO-F401RE\lib_stm\libLibraries.a(ucg_dev_ic_st7735.o)
 .debug_abbrev  0x0000000000001a7c      0x191 D:\Nam_4\HK2\HTNhung_IOT\SDK-NUCLEO\SDK_1.0.3_NUCLEO-F401RE\lib_stm\libLibraries.a(ucg_dev_msg_api.o)
 .debug_abbrev  0x0000000000001c0d      0x14e D:\Nam_4\HK2\HTNhung_IOT\SDK-NUCLEO\SDK_1.0.3_NUCLEO-F401RE\lib_stm\libLibraries.a(ucg_dev_tft_128x128_st7735.o)
 .debug_abbrev  0x0000000000001d5b      0x2fc D:\Nam_4\HK2\HTNhung_IOT\SDK-NUCLEO\SDK_1.0.3_NUCLEO-F401RE\lib_stm\libLibraries.a(ucg_font.o)
 .debug_abbrev  0x0000000000002057      0x1c6 D:\Nam_4\HK2\HTNhung_IOT\SDK-NUCLEO\SDK_1.0.3_NUCLEO-F401RE\lib_stm\libLibraries.a(ucg_init.o)
 .debug_abbrev  0x000000000000221d      0x175 D:\Nam_4\HK2\HTNhung_IOT\SDK-NUCLEO\SDK_1.0.3_NUCLEO-F401RE\lib_stm\libLibraries.a(ucg_line.o)
 .debug_abbrev  0x0000000000002392      0x148 D:\Nam_4\HK2\HTNhung_IOT\SDK-NUCLEO\SDK_1.0.3_NUCLEO-F401RE\lib_stm\libLibraries.a(ucg_pixel.o)
 .debug_abbrev  0x00000000000024da       0x83 D:\Nam_4\HK2\HTNhung_IOT\SDK-NUCLEO\SDK_1.0.3_NUCLEO-F401RE\lib_stm\libLibraries.a(ucg_pixel_font_data.o)
 .debug_abbrev  0x000000000000255d      0x1a3 D:\Nam_4\HK2\HTNhung_IOT\SDK-NUCLEO\SDK_1.0.3_NUCLEO-F401RE\lib_stm\libLibraries.a(ucg_rotate.o)
 .debug_abbrev  0x0000000000002700      0x12a D:\Nam_4\HK2\HTNhung_IOT\SDK-NUCLEO\SDK_1.0.3_NUCLEO-F401RE\lib_stm\libLibraries.a(buff.o)
 .debug_abbrev  0x000000000000282a       0xce D:\Nam_4\HK2\HTNhung_IOT\SDK-NUCLEO\SDK_1.0.3_NUCLEO-F401RE\lib_stm\libLibraries.a(utilities.o)
 .debug_abbrev  0x00000000000028f8      0x187 D:\Nam_4\HK2\HTNhung_IOT\SDK-NUCLEO\SDK_1.0.3_NUCLEO-F401RE\lib_stm\libLibraries.a(stm32f401re_usart.o)
 .debug_abbrev  0x0000000000002a7f      0x173 D:\Nam_4\HK2\HTNhung_IOT\SDK-NUCLEO\SDK_1.0.3_NUCLEO-F401RE\lib_stm\libLibraries.a(ucg_clip.o)
 .debug_abbrev  0x0000000000002bf2      0x1f2 D:\Nam_4\HK2\HTNhung_IOT\SDK-NUCLEO\SDK_1.0.3_NUCLEO-F401RE\lib_stm\libLibraries.a(ucg_com_msg_api.o)

.debug_aranges  0x0000000000000000      0xd18
 .debug_aranges
                0x0000000000000000       0xa8 ./Src/main.o
 .debug_aranges
                0x00000000000000a8       0x20 ./Src/sysmem.o
 .debug_aranges
                0x00000000000000c8       0x28 ./Startup/startup_stm32f401retx.o
 .debug_aranges
                0x00000000000000f0       0x30 D:\Nam_4\HK2\HTNhung_IOT\SDK-NUCLEO\SDK_1.0.3_NUCLEO-F401RE\lib_stm\libLibraries.a(system_stm32f4xx.o)
 .debug_aranges
                0x0000000000000120       0x88 D:\Nam_4\HK2\HTNhung_IOT\SDK-NUCLEO\SDK_1.0.3_NUCLEO-F401RE\lib_stm\libLibraries.a(stm32f401re_gpio.o)
 .debug_aranges
                0x00000000000001a8      0x130 D:\Nam_4\HK2\HTNhung_IOT\SDK-NUCLEO\SDK_1.0.3_NUCLEO-F401RE\lib_stm\libLibraries.a(stm32f401re_i2c.o)
 .debug_aranges
                0x00000000000002d8      0x198 D:\Nam_4\HK2\HTNhung_IOT\SDK-NUCLEO\SDK_1.0.3_NUCLEO-F401RE\lib_stm\libLibraries.a(stm32f401re_rcc.o)
 .debug_aranges
                0x0000000000000470       0x70 D:\Nam_4\HK2\HTNhung_IOT\SDK-NUCLEO\SDK_1.0.3_NUCLEO-F401RE\lib_stm\libLibraries.a(timer.o)
 .debug_aranges
                0x00000000000004e0       0xe8 D:\Nam_4\HK2\HTNhung_IOT\SDK-NUCLEO\SDK_1.0.3_NUCLEO-F401RE\lib_stm\libLibraries.a(temhumsensor.o)
 .debug_aranges
                0x00000000000005c8       0x80 D:\Nam_4\HK2\HTNhung_IOT\SDK-NUCLEO\SDK_1.0.3_NUCLEO-F401RE\lib_stm\libLibraries.a(serial.o)
 .debug_aranges
                0x0000000000000648       0x48 D:\Nam_4\HK2\HTNhung_IOT\SDK-NUCLEO\SDK_1.0.3_NUCLEO-F401RE\lib_stm\libLibraries.a(Ucglib.o)
 .debug_aranges
                0x0000000000000690       0x48 D:\Nam_4\HK2\HTNhung_IOT\SDK-NUCLEO\SDK_1.0.3_NUCLEO-F401RE\lib_stm\libLibraries.a(ucg_box.o)
 .debug_aranges
                0x00000000000006d8       0x30 D:\Nam_4\HK2\HTNhung_IOT\SDK-NUCLEO\SDK_1.0.3_NUCLEO-F401RE\lib_stm\libLibraries.a(ucg_ccs.o)
 .debug_aranges
                0x0000000000000708       0x48 D:\Nam_4\HK2\HTNhung_IOT\SDK-NUCLEO\SDK_1.0.3_NUCLEO-F401RE\lib_stm\libLibraries.a(ucg_dev_default_cb.o)
 .debug_aranges
                0x0000000000000750       0x40 D:\Nam_4\HK2\HTNhung_IOT\SDK-NUCLEO\SDK_1.0.3_NUCLEO-F401RE\lib_stm\libLibraries.a(ucg_dev_ic_st7735.o)
 .debug_aranges
                0x0000000000000790       0x60 D:\Nam_4\HK2\HTNhung_IOT\SDK-NUCLEO\SDK_1.0.3_NUCLEO-F401RE\lib_stm\libLibraries.a(ucg_dev_msg_api.o)
 .debug_aranges
                0x00000000000007f0       0x20 D:\Nam_4\HK2\HTNhung_IOT\SDK-NUCLEO\SDK_1.0.3_NUCLEO-F401RE\lib_stm\libLibraries.a(ucg_dev_tft_128x128_st7735.o)
 .debug_aranges
                0x0000000000000810      0x168 D:\Nam_4\HK2\HTNhung_IOT\SDK-NUCLEO\SDK_1.0.3_NUCLEO-F401RE\lib_stm\libLibraries.a(ucg_font.o)
 .debug_aranges
                0x0000000000000978       0x28 D:\Nam_4\HK2\HTNhung_IOT\SDK-NUCLEO\SDK_1.0.3_NUCLEO-F401RE\lib_stm\libLibraries.a(ucg_init.o)
 .debug_aranges
                0x00000000000009a0       0x48 D:\Nam_4\HK2\HTNhung_IOT\SDK-NUCLEO\SDK_1.0.3_NUCLEO-F401RE\lib_stm\libLibraries.a(ucg_line.o)
 .debug_aranges
                0x00000000000009e8       0x28 D:\Nam_4\HK2\HTNhung_IOT\SDK-NUCLEO\SDK_1.0.3_NUCLEO-F401RE\lib_stm\libLibraries.a(ucg_pixel.o)
 .debug_aranges
                0x0000000000000a10       0x18 D:\Nam_4\HK2\HTNhung_IOT\SDK-NUCLEO\SDK_1.0.3_NUCLEO-F401RE\lib_stm\libLibraries.a(ucg_pixel_font_data.o)
 .debug_aranges
                0x0000000000000a28       0x68 D:\Nam_4\HK2\HTNhung_IOT\SDK-NUCLEO\SDK_1.0.3_NUCLEO-F401RE\lib_stm\libLibraries.a(ucg_rotate.o)
 .debug_aranges
                0x0000000000000a90       0x50 D:\Nam_4\HK2\HTNhung_IOT\SDK-NUCLEO\SDK_1.0.3_NUCLEO-F401RE\lib_stm\libLibraries.a(buff.o)
 .debug_aranges
                0x0000000000000ae0       0x48 D:\Nam_4\HK2\HTNhung_IOT\SDK-NUCLEO\SDK_1.0.3_NUCLEO-F401RE\lib_stm\libLibraries.a(utilities.o)
 .debug_aranges
                0x0000000000000b28      0x100 D:\Nam_4\HK2\HTNhung_IOT\SDK-NUCLEO\SDK_1.0.3_NUCLEO-F401RE\lib_stm\libLibraries.a(stm32f401re_usart.o)
 .debug_aranges
                0x0000000000000c28       0x50 D:\Nam_4\HK2\HTNhung_IOT\SDK-NUCLEO\SDK_1.0.3_NUCLEO-F401RE\lib_stm\libLibraries.a(ucg_clip.o)
 .debug_aranges
                0x0000000000000c78       0xa0 D:\Nam_4\HK2\HTNhung_IOT\SDK-NUCLEO\SDK_1.0.3_NUCLEO-F401RE\lib_stm\libLibraries.a(ucg_com_msg_api.o)

.debug_ranges   0x0000000000000000      0xb58
 .debug_ranges  0x0000000000000000       0x98 ./Src/main.o
 .debug_ranges  0x0000000000000098       0x10 ./Src/sysmem.o
 .debug_ranges  0x00000000000000a8       0x20 ./Startup/startup_stm32f401retx.o
 .debug_ranges  0x00000000000000c8       0x20 D:\Nam_4\HK2\HTNhung_IOT\SDK-NUCLEO\SDK_1.0.3_NUCLEO-F401RE\lib_stm\libLibraries.a(system_stm32f4xx.o)
 .debug_ranges  0x00000000000000e8       0x78 D:\Nam_4\HK2\HTNhung_IOT\SDK-NUCLEO\SDK_1.0.3_NUCLEO-F401RE\lib_stm\libLibraries.a(stm32f401re_gpio.o)
 .debug_ranges  0x0000000000000160      0x120 D:\Nam_4\HK2\HTNhung_IOT\SDK-NUCLEO\SDK_1.0.3_NUCLEO-F401RE\lib_stm\libLibraries.a(stm32f401re_i2c.o)
 .debug_ranges  0x0000000000000280      0x188 D:\Nam_4\HK2\HTNhung_IOT\SDK-NUCLEO\SDK_1.0.3_NUCLEO-F401RE\lib_stm\libLibraries.a(stm32f401re_rcc.o)
 .debug_ranges  0x0000000000000408       0x60 D:\Nam_4\HK2\HTNhung_IOT\SDK-NUCLEO\SDK_1.0.3_NUCLEO-F401RE\lib_stm\libLibraries.a(timer.o)
 .debug_ranges  0x0000000000000468       0xd8 D:\Nam_4\HK2\HTNhung_IOT\SDK-NUCLEO\SDK_1.0.3_NUCLEO-F401RE\lib_stm\libLibraries.a(temhumsensor.o)
 .debug_ranges  0x0000000000000540       0x70 D:\Nam_4\HK2\HTNhung_IOT\SDK-NUCLEO\SDK_1.0.3_NUCLEO-F401RE\lib_stm\libLibraries.a(serial.o)
 .debug_ranges  0x00000000000005b0       0x38 D:\Nam_4\HK2\HTNhung_IOT\SDK-NUCLEO\SDK_1.0.3_NUCLEO-F401RE\lib_stm\libLibraries.a(Ucglib.o)
 .debug_ranges  0x00000000000005e8       0x38 D:\Nam_4\HK2\HTNhung_IOT\SDK-NUCLEO\SDK_1.0.3_NUCLEO-F401RE\lib_stm\libLibraries.a(ucg_box.o)
 .debug_ranges  0x0000000000000620       0x20 D:\Nam_4\HK2\HTNhung_IOT\SDK-NUCLEO\SDK_1.0.3_NUCLEO-F401RE\lib_stm\libLibraries.a(ucg_ccs.o)
 .debug_ranges  0x0000000000000640       0x38 D:\Nam_4\HK2\HTNhung_IOT\SDK-NUCLEO\SDK_1.0.3_NUCLEO-F401RE\lib_stm\libLibraries.a(ucg_dev_default_cb.o)
 .debug_ranges  0x0000000000000678       0x30 D:\Nam_4\HK2\HTNhung_IOT\SDK-NUCLEO\SDK_1.0.3_NUCLEO-F401RE\lib_stm\libLibraries.a(ucg_dev_ic_st7735.o)
 .debug_ranges  0x00000000000006a8       0x50 D:\Nam_4\HK2\HTNhung_IOT\SDK-NUCLEO\SDK_1.0.3_NUCLEO-F401RE\lib_stm\libLibraries.a(ucg_dev_msg_api.o)
 .debug_ranges  0x00000000000006f8       0x10 D:\Nam_4\HK2\HTNhung_IOT\SDK-NUCLEO\SDK_1.0.3_NUCLEO-F401RE\lib_stm\libLibraries.a(ucg_dev_tft_128x128_st7735.o)
 .debug_ranges  0x0000000000000708      0x158 D:\Nam_4\HK2\HTNhung_IOT\SDK-NUCLEO\SDK_1.0.3_NUCLEO-F401RE\lib_stm\libLibraries.a(ucg_font.o)
 .debug_ranges  0x0000000000000860       0x18 D:\Nam_4\HK2\HTNhung_IOT\SDK-NUCLEO\SDK_1.0.3_NUCLEO-F401RE\lib_stm\libLibraries.a(ucg_init.o)
 .debug_ranges  0x0000000000000878       0x38 D:\Nam_4\HK2\HTNhung_IOT\SDK-NUCLEO\SDK_1.0.3_NUCLEO-F401RE\lib_stm\libLibraries.a(ucg_line.o)
 .debug_ranges  0x00000000000008b0       0x18 D:\Nam_4\HK2\HTNhung_IOT\SDK-NUCLEO\SDK_1.0.3_NUCLEO-F401RE\lib_stm\libLibraries.a(ucg_pixel.o)
 .debug_ranges  0x00000000000008c8       0x58 D:\Nam_4\HK2\HTNhung_IOT\SDK-NUCLEO\SDK_1.0.3_NUCLEO-F401RE\lib_stm\libLibraries.a(ucg_rotate.o)
 .debug_ranges  0x0000000000000920       0x40 D:\Nam_4\HK2\HTNhung_IOT\SDK-NUCLEO\SDK_1.0.3_NUCLEO-F401RE\lib_stm\libLibraries.a(buff.o)
 .debug_ranges  0x0000000000000960       0x38 D:\Nam_4\HK2\HTNhung_IOT\SDK-NUCLEO\SDK_1.0.3_NUCLEO-F401RE\lib_stm\libLibraries.a(utilities.o)
 .debug_ranges  0x0000000000000998       0xf0 D:\Nam_4\HK2\HTNhung_IOT\SDK-NUCLEO\SDK_1.0.3_NUCLEO-F401RE\lib_stm\libLibraries.a(stm32f401re_usart.o)
 .debug_ranges  0x0000000000000a88       0x40 D:\Nam_4\HK2\HTNhung_IOT\SDK-NUCLEO\SDK_1.0.3_NUCLEO-F401RE\lib_stm\libLibraries.a(ucg_clip.o)
 .debug_ranges  0x0000000000000ac8       0x90 D:\Nam_4\HK2\HTNhung_IOT\SDK-NUCLEO\SDK_1.0.3_NUCLEO-F401RE\lib_stm\libLibraries.a(ucg_com_msg_api.o)

.debug_macro    0x0000000000000000     0xfed3
 .debug_macro   0x0000000000000000      0x327 ./Src/main.o
 .debug_macro   0x0000000000000327      0xa84 ./Src/main.o
 .debug_macro   0x0000000000000dab       0x22 ./Src/main.o
 .debug_macro   0x0000000000000dcd       0x8e ./Src/main.o
 .debug_macro   0x0000000000000e5b       0x51 ./Src/main.o
 .debug_macro   0x0000000000000eac      0x103 ./Src/main.o
 .debug_macro   0x0000000000000faf       0x6a ./Src/main.o
 .debug_macro   0x0000000000001019      0x1df ./Src/main.o
 .debug_macro   0x00000000000011f8       0x7c ./Src/main.o
 .debug_macro   0x0000000000001274      0x174 ./Src/main.o
 .debug_macro   0x00000000000013e8       0x22 ./Src/main.o
 .debug_macro   0x000000000000140a      0x301 ./Src/main.o
 .debug_macro   0x000000000000170b       0x6b ./Src/main.o
 .debug_macro   0x0000000000001776       0x3b ./Src/main.o
 .debug_macro   0x00000000000017b1       0x34 ./Src/main.o
 .debug_macro   0x00000000000017e5       0x26 ./Src/main.o
 .debug_macro   0x000000000000180b      0xe43 ./Src/main.o
 .debug_macro   0x000000000000264e     0x8018 ./Src/main.o
 .debug_macro   0x000000000000a666      0x2b4 ./Src/main.o
 .debug_macro   0x000000000000a91a      0x36c ./Src/main.o
 .debug_macro   0x000000000000ac86       0x52 ./Src/main.o
 .debug_macro   0x000000000000acd8       0x1e ./Src/main.o
 .debug_macro   0x000000000000acf6       0x3c ./Src/main.o
 .debug_macro   0x000000000000ad32       0x34 ./Src/main.o
 .debug_macro   0x000000000000ad66       0x16 ./Src/main.o
 .debug_macro   0x000000000000ad7c       0x43 ./Src/main.o
 .debug_macro   0x000000000000adbf       0x34 ./Src/main.o
 .debug_macro   0x000000000000adf3       0x10 ./Src/main.o
 .debug_macro   0x000000000000ae03       0x58 ./Src/main.o
 .debug_macro   0x000000000000ae5b       0x71 ./Src/main.o
 .debug_macro   0x000000000000aecc       0x1c ./Src/main.o
 .debug_macro   0x000000000000aee8      0x12a ./Src/main.o
 .debug_macro   0x000000000000b012      0x341 ./Src/main.o
 .debug_macro   0x000000000000b353       0x10 ./Src/main.o
 .debug_macro   0x000000000000b363       0x35 ./Src/main.o
 .debug_macro   0x000000000000b398       0x20 ./Src/main.o
 .debug_macro   0x000000000000b3b8      0x2f4 ./Src/main.o
 .debug_macro   0x000000000000b6ac      0x64a ./Src/main.o
 .debug_macro   0x000000000000bcf6       0x1c ./Src/main.o
 .debug_macro   0x000000000000bd12       0x10 ./Src/main.o
 .debug_macro   0x000000000000bd22       0x10 ./Src/main.o
 .debug_macro   0x000000000000bd32       0x1c ./Src/main.o
 .debug_macro   0x000000000000bd4e       0x52 ./Src/main.o
 .debug_macro   0x000000000000bda0       0x22 ./Src/main.o
 .debug_macro   0x000000000000bdc2       0x10 ./Src/main.o
 .debug_macro   0x000000000000bdd2       0x52 ./Src/main.o
 .debug_macro   0x000000000000be24       0xd5 ./Src/main.o
 .debug_macro   0x000000000000bef9       0x1c ./Src/main.o
 .debug_macro   0x000000000000bf15       0x3d ./Src/main.o
 .debug_macro   0x000000000000bf52       0x16 ./Src/main.o
 .debug_macro   0x000000000000bf68      0x145 ./Src/main.o
 .debug_macro   0x000000000000c0ad       0xff ./Src/sysmem.o