../Src/main.c:115:5:main	8	static
../Src/main.c:133:6:delay_ms	24	static
../Src/main.c:149:10:CalculatorTime	24	static
../Src/main.c:166:13:AppCommon	16	static
../Src/main.c:189:13:SPI1_Init	16	static
../Src/main.c:217:13:I2C_Init_temphumi	32	static
../Src/main.c:256:6:I2C_start	8	static
../Src/main.c:276:6:I2C_address_direction	16	static
../Src/main.c:299:6:I2C_transmit	16	static
../Src/main.c:315:6:I2C_stop	8	static
../Src/main.c:327:9:I2C_receive_nack	8	static
../Src/main.c:346:9:I2C_receive_ack	8	static
../Src/main.c:364:13:TemHumSensor_readRegister	40	static
../Src/main.c:411:10:GetTemp_Sensor	32	static
../Src/main.c:433:10:GetHumi_Sensor	32	static
../Src/main.c:457:6:processGetValueSensor	16	static
../Src/main.c:512:6:Scan_SensorLCD	16	static
../Src/main.c:529:6:Scan_TimeSensor	24	static
